#
# There is insufficient memory for the Java Runtime Environment to continue.
# Native memory allocation (malloc) failed to allocate 1048576 bytes. Error detail: AllocateHeap
# Possible reasons:
#   The system is out of physical RAM or swap space
#   This process is running with CompressedOops enabled, and the Java Heap may be blocking the growth of the native heap
# Possible solutions:
#   Reduce memory load on the system
#   Increase physical memory or swap space
#   Check if swap backing store is full
#   Decrease Java heap size (-Xmx/-Xms)
#   Decrease number of Java threads
#   Decrease Java thread stack sizes (-Xss)
#   Set larger code cache with -XX:ReservedCodeCacheSize=
#   JVM is running with Unscaled Compressed Oops mode in which the Java heap is
#     placed in the first 4GB address space. The Java Heap base address is the
#     maximum limit for the native heap growth. Please use -XX:HeapBaseMinAddress
#     to set the Java Heap base and to place the Java Heap above 4GB virtual address.
# This output file may be truncated or incomplete.
#
#  Out of Memory Error (allocation.cpp:44), pid=33704, tid=30680
#
# JRE version: OpenJDK Runtime Environment Temurin-21.0.10+7 (21.0.10+7) (build 21.0.10+7-LTS)
# Java VM: OpenJDK 64-Bit Server VM Temurin-21.0.10+7 (21.0.10+7-LTS, mixed mode, sharing, tiered, compressed oops, compressed class ptrs, parallel gc, windows-amd64)
# No core dump will be written. Minidumps are not enabled by default on client versions of Windows
#

---------------  S U M M A R Y ------------

Command Line: --add-modules=ALL-SYSTEM --add-opens=java.base/java.util=ALL-UNNAMED --add-opens=java.base/java.lang=ALL-UNNAMED --add-opens=java.base/sun.nio.fs=ALL-UNNAMED -Declipse.application=org.eclipse.jdt.ls.core.id1 -Dosgi.bundles.defaultStartLevel=4 -Declipse.product=org.eclipse.jdt.ls.core.product -Djava.import.generatesMetadataFilesAtProjectRoot=false -DDetectVMInstallationsJob.disabled=true -Dfile.encoding=utf8 -XX:+UseParallelGC -XX:GCTimeRatio=4 -XX:AdaptiveSizePolicyWeight=90 -Dsun.zip.disableMemoryMapping=true -Xmx2G -Xms100m -Xlog:disable -javaagent:c:\Users\Anshika Jain\.vscode\extensions\redhat.java-1.54.0-win32-x64\lombok\lombok-1.18.39-4050.jar -XX:+HeapDumpOnOutOfMemoryError -XX:HeapDumpPath=c:\Users\Anshika Jain\AppData\Roaming\Code\User\workspaceStorage\75d71e4b29dafd96ba6f02b4c6105d11\redhat.java -Daether.dependencyCollector.impl=bf c:\Users\Anshika Jain\.vscode\extensions\redhat.java-1.54.0-win32-x64\server\plugins\org.eclipse.equinox.launcher_1.7.100.v20251111-0406.jar -configuration c:\Users\Anshika Jain\AppData\Roaming\Code\User\globalStorage\redhat.java\1.54.0\config_win -data c:\Users\Anshika Jain\AppData\Roaming\Code\User\workspaceStorage\75d71e4b29dafd96ba6f02b4c6105d11\redhat.java\jdt_ws --pipe=\\.\pipe\lsp-aefc2fd315b4101b42d7091336284937-sock

Host: AMD Ryzen 5 5600H with Radeon Graphics         , 12 cores, 7G,  Windows 11 , 64 bit Build 26100 (10.0.26100.7872)
Time: Wed May  6 16:04:58 2026 India Standard Time elapsed time: 928.024345 seconds (0d 0h 15m 28s)

---------------  T H R E A D  ---------------

Current thread (0x0000023cd1ddae90):  JavaThread "Attach Listener" daemon [_thread_in_vm, id=30680, stack(0x0000008a8d100000,0x0000008a8d200000) (1024K)]

Stack: [0x0000008a8d100000,0x0000008a8d200000]
Native frames: (J=compiled Java code, j=interpreted, Vv=VM code, C=native code)
V  [jvm.dll+0x6d7a39]
V  [jvm.dll+0x8b4b26]
V  [jvm.dll+0x8b70de]
V  [jvm.dll+0x8b77c3]
V  [jvm.dll+0x284346]
V  [jvm.dll+0xc1277]
V  [jvm.dll+0x6d82e9]
V  [jvm.dll+0x1334a6]
V  [jvm.dll+0x3f857e]
V  [jvm.dll+0x85f59d]
V  [jvm.dll+0x6d626d]
C  [ucrtbase.dll+0x37b0]
C  [KERNEL32.DLL+0x2e8d7]
C  [ntdll.dll+0x8c48c]


---------------  P R O C E S S  ---------------

Threads class SMR info:
_java_thread_list=0x0000023cf32d1a60, length=38, elements={
0x0000023cd1d2c900, 0x0000023cd1cdd8d0, 0x0000023cd1dd7b70, 0x0000023cd1dda430,
0x0000023cd1ddae90, 0x0000023cd1ddcf80, 0x0000023cd1de50a0, 0x0000023cd1de96d0,
0x0000023cd1ded430, 0x0000023ce9c65a10, 0x0000023ce9d59180, 0x0000023cef42c520,
0x0000023cef3398d0, 0x0000023cef33a5f0, 0x0000023cef33b310, 0x0000023cef33c030,
0x0000023cef339f60, 0x0000023cef33ac80, 0x0000023cef339240, 0x0000023cef33b9a0,
0x0000023cf0a6cd80, 0x0000023cf0a6e130, 0x0000023cf0a6e7c0, 0x0000023cf0a6daa0,
0x0000023cf0a6c6f0, 0x0000023cf0a6f4e0, 0x0000023cf0a70200, 0x0000023cf0a70890,
0x0000023cf0a6ee50, 0x0000023cf0a71c40, 0x0000023cf0a722d0, 0x0000023cf0a70f20,
0x0000023cf0a72ff0, 0x0000023cf0a72960, 0x0000023cf0a715b0, 0x0000023cf0a6fb70,
0x0000023cf0a73680, 0x0000023cf0b22530
}

Java Threads: ( => current thread )
  0x0000023cd1d2c900 JavaThread "main"                              [_thread_blocked, id=28956, stack(0x0000008a8ca00000,0x0000008a8cb00000) (1024K)]
  0x0000023cd1cdd8d0 JavaThread "Reference Handler"          daemon [_thread_blocked, id=20832, stack(0x0000008a8ce00000,0x0000008a8cf00000) (1024K)]
  0x0000023cd1dd7b70 JavaThread "Finalizer"                  daemon [_thread_blocked, id=15768, stack(0x0000008a8cf00000,0x0000008a8d000000) (1024K)]
  0x0000023cd1dda430 JavaThread "Signal Dispatcher"          daemon [_thread_blocked, id=10040, stack(0x0000008a8d000000,0x0000008a8d100000) (1024K)]
=>0x0000023cd1ddae90 JavaThread "Attach Listener"            daemon [_thread_in_vm, id=30680, stack(0x0000008a8d100000,0x0000008a8d200000) (1024K)]
  0x0000023cd1ddcf80 JavaThread "Service Thread"             daemon [_thread_blocked, id=35456, stack(0x0000008a8d200000,0x0000008a8d300000) (1024K)]
  0x0000023cd1de50a0 JavaThread "Monitor Deflation Thread"   daemon [_thread_blocked, id=15804, stack(0x0000008a8d300000,0x0000008a8d400000) (1024K)]
  0x0000023cd1de96d0 JavaThread "C2 CompilerThread0"         daemon [_thread_blocked, id=26988, stack(0x0000008a8d400000,0x0000008a8d500000) (1024K)]
  0x0000023cd1ded430 JavaThread "C1 CompilerThread0"         daemon [_thread_blocked, id=21604, stack(0x0000008a8d500000,0x0000008a8d600000) (1024K)]
  0x0000023ce9c65a10 JavaThread "Common-Cleaner"             daemon [_thread_blocked, id=34160, stack(0x0000008a8d600000,0x0000008a8d700000) (1024K)]
  0x0000023ce9d59180 JavaThread "Notification Thread"        daemon [_thread_blocked, id=31864, stack(0x0000008a8d700000,0x0000008a8d800000) (1024K)]
  0x0000023cef42c520 JavaThread "Active Thread: Equinox Container: b5fb5dd9-7453-4892-b7c5-8022724897c5"        [_thread_blocked, id=11396, stack(0x0000008a8e400000,0x0000008a8e500000) (1024K)]
  0x0000023cef3398d0 JavaThread "Framework Event Dispatcher: Equinox Container: b5fb5dd9-7453-4892-b7c5-8022724897c5" daemon [_thread_blocked, id=19740, stack(0x0000008a8de00000,0x0000008a8df00000) (1024K)]
  0x0000023cef33a5f0 JavaThread "Start Level: Equinox Container: b5fb5dd9-7453-4892-b7c5-8022724897c5" daemon [_thread_blocked, id=32672, stack(0x0000008a8df00000,0x0000008a8e000000) (1024K)]
  0x0000023cef33b310 JavaThread "Bundle File Closer"         daemon [_thread_blocked, id=468, stack(0x0000008a8e200000,0x0000008a8e300000) (1024K)]
  0x0000023cef33c030 JavaThread "Refresh Thread: Equinox Container: b5fb5dd9-7453-4892-b7c5-8022724897c5" daemon [_thread_blocked, id=31500, stack(0x0000008a8e300000,0x0000008a8e400000) (1024K)]
  0x0000023cef339f60 JavaThread "SCR Component Actor"        daemon [_thread_blocked, id=1152, stack(0x0000008a8e100000,0x0000008a8e200000) (1024K)]
  0x0000023cef33ac80 JavaThread "Worker-JM"                         [_thread_blocked, id=15800, stack(0x0000008a8e600000,0x0000008a8e700000) (1024K)]
  0x0000023cef339240 JavaThread "JNA Cleaner"                daemon [_thread_blocked, id=30372, stack(0x0000008a8e700000,0x0000008a8e800000) (1024K)]
  0x0000023cef33b9a0 JavaThread "Worker-0"                          [_thread_blocked, id=25812, stack(0x0000008a8e800000,0x0000008a8e900000) (1024K)]
  0x0000023cf0a6cd80 JavaThread "Java indexing"              daemon [_thread_blocked, id=31088, stack(0x0000008a8eb00000,0x0000008a8ec00000) (1024K)]
  0x0000023cf0a6e130 JavaThread "Worker-3"                          [_thread_blocked, id=3124, stack(0x0000008a8ed00000,0x0000008a8ee00000) (1024K)]
  0x0000023cf0a6e7c0 JavaThread "Thread-1"                   daemon [_thread_in_native, id=32088, stack(0x0000008a8ef00000,0x0000008a8f000000) (1024K)]
  0x0000023cf0a6daa0 JavaThread "Thread-2"                   daemon [_thread_in_native, id=18744, stack(0x0000008a8f000000,0x0000008a8f100000) (1024K)]
  0x0000023cf0a6c6f0 JavaThread "Thread-3"                   daemon [_thread_in_native, id=17324, stack(0x0000008a8f100000,0x0000008a8f200000) (1024K)]
  0x0000023cf0a6f4e0 JavaThread "Thread-4"                   daemon [_thread_in_native, id=6100, stack(0x0000008a8f400000,0x0000008a8f500000) (1024K)]
  0x0000023cf0a70200 JavaThread "Thread-5"                   daemon [_thread_in_native, id=8072, stack(0x0000008a8f500000,0x0000008a8f600000) (1024K)]
  0x0000023cf0a70890 JavaThread "Thread-6"                   daemon [_thread_in_native, id=30824, stack(0x0000008a8f600000,0x0000008a8f700000) (1024K)]
  0x0000023cf0a6ee50 JavaThread "Thread-7"                   daemon [_thread_in_native, id=25496, stack(0x0000008a8f700000,0x0000008a8f800000) (1024K)]
  0x0000023cf0a71c40 JavaThread "Thread-8"                   daemon [_thread_in_native, id=34564, stack(0x0000008a8f800000,0x0000008a8f900000) (1024K)]
  0x0000023cf0a722d0 JavaThread "Thread-9"                   daemon [_thread_in_native, id=10952, stack(0x0000008a8f900000,0x0000008a8fa00000) (1024K)]
  0x0000023cf0a70f20 JavaThread "Thread-10"                  daemon [_thread_in_native, id=5600, stack(0x0000008a8fa00000,0x0000008a8fb00000) (1024K)]
  0x0000023cf0a72ff0 JavaThread "Thread-11"                  daemon [_thread_in_native, id=10844, stack(0x0000008a8fb00000,0x0000008a8fc00000) (1024K)]
  0x0000023cf0a72960 JavaThread "Thread-12"                  daemon [_thread_in_native, id=27656, stack(0x0000008a8fc00000,0x0000008a8fd00000) (1024K)]
  0x0000023cf0a715b0 JavaThread "Thread-13"                  daemon [_thread_in_native, id=30040, stack(0x0000008a8fd00000,0x0000008a8fe00000) (1024K)]
  0x0000023cf0a6fb70 JavaThread "pool-2-thread-1"                   [_thread_blocked, id=35600, stack(0x0000008a8fe00000,0x0000008a8ff00000) (1024K)]
  0x0000023cf0a73680 JavaThread "WorkspaceEventsHandler"            [_thread_blocked, id=26388, stack(0x0000008a8c700000,0x0000008a8c800000) (1024K)]
  0x0000023cf0b22530 JavaThread "pool-1-thread-1"                   [_thread_blocked, id=34676, stack(0x0000008a8ff00000,0x0000008a90000000) (1024K)]
Total: 38

Other Threads:
  0x0000023cd1cc40c0 VMThread "VM Thread"                           [id=15612, stack(0x0000008a8cd00000,0x0000008a8ce00000) (1024K)]
  0x0000023cd1bbba00 WatcherThread "VM Periodic Task Thread"        [id=13448, stack(0x0000008a8cc00000,0x0000008a8cd00000) (1024K)]
  0x0000023cd1d4dcb0 WorkerThread "GC Thread#0"                     [id=33864, stack(0x0000008a8cb00000,0x0000008a8cc00000) (1024K)]
  0x0000023ce9e1e660 WorkerThread "GC Thread#1"                     [id=11536, stack(0x0000008a8d800000,0x0000008a8d900000) (1024K)]
  0x0000023ce9e1ea10 WorkerThread "GC Thread#2"                     [id=17504, stack(0x0000008a8d900000,0x0000008a8da00000) (1024K)]
  0x0000023cef4a1b80 WorkerThread "GC Thread#3"                     [id=30540, stack(0x0000008a8da00000,0x0000008a8db00000) (1024K)]
  0x0000023cef4a1f30 WorkerThread "GC Thread#4"                     [id=24276, stack(0x0000008a8db00000,0x0000008a8dc00000) (1024K)]
  0x0000023cef4a22e0 WorkerThread "GC Thread#5"                     [id=27896, stack(0x0000008a8dc00000,0x0000008a8dd00000) (1024K)]
  0x0000023cef4a2690 WorkerThread "GC Thread#6"                     [id=31668, stack(0x0000008a8dd00000,0x0000008a8de00000) (1024K)]
  0x0000023cef6e0c20 WorkerThread "GC Thread#7"                     [id=26640, stack(0x0000008a8e000000,0x0000008a8e100000) (1024K)]
  0x0000023cefa92c50 WorkerThread "GC Thread#8"                     [id=29280, stack(0x0000008a8f200000,0x0000008a8f300000) (1024K)]
  0x0000023cef1da400 WorkerThread "GC Thread#9"                     [id=4464, stack(0x0000008a8f300000,0x0000008a8f400000) (1024K)]
Total: 12

Threads with active compile tasks:
Total: 0

VM state: not at safepoint (normal execution)

VM Mutex/Monitor currently owned by a thread: None

Heap address: 0x0000000080000000, size: 2048 MB, Compressed Oops mode: 32-bit

CDS archive(s) mapped at: [0x0000023c80000000-0x0000023c80ba0000-0x0000023c80ba0000), size 12189696, SharedBaseAddress: 0x0000023c80000000, ArchiveRelocationMode: 1.
Compressed class space mapped at: 0x0000023c81000000-0x0000023cc1000000, reserved size: 1073741824
Narrow klass base: 0x0000023c80000000, Narrow klass shift: 0, Narrow klass range: 0x100000000

GC Precious Log:
 CardTable entry size: 512
 CPUs: 12 total, 12 available
 Memory: 7521M
 Large Page Support: Disabled
 NUMA Support: Disabled
 Compressed Oops: Enabled (32-bit)
 Alignments: Space 512K, Generation 512K, Heap 2M
 Heap Min Capacity: 100M
 Heap Initial Capacity: 100M
 Heap Max Capacity: 2G
 Pre-touch: Disabled
 Parallel Workers: 10

Heap:
 PSYoungGen      total 6656K, used 2632K [0x00000000d5580000, 0x00000000d5d00000, 0x0000000100000000)
  eden space 5632K, 39% used [0x00000000d5580000,0x00000000d57a8388,0x00000000d5b00000)
  from space 1024K, 41% used [0x00000000d5c00000,0x00000000d5c69e90,0x00000000d5d00000)
  to   space 1024K, 0% used [0x00000000d5b00000,0x00000000d5b00000,0x00000000d5c00000)
 ParOldGen       total 194560K, used 194306K [0x0000000080000000, 0x000000008be00000, 0x00000000d5580000)
  object space 194560K, 99% used [0x0000000080000000,0x000000008bdc09f8,0x000000008be00000)
 Metaspace       used 68194K, committed 69696K, reserved 1114112K
  class space    used 7226K, committed 7808K, reserved 1048576K

Card table byte_map: [0x0000023cd16d0000,0x0000023cd1ae0000] _byte_map_base: 0x0000023cd12d0000

Marking Bits: (ParMarkBitMap*) 0x00007ffbc2cf3450
 Begin Bits: [0x0000023ce41e0000, 0x0000023ce61e0000)
 End Bits:   [0x0000023ce61e0000, 0x0000023ce81e0000)

Polling page: 0x0000023ccfb50000

Metaspace:

Usage:
  Non-class:     59.54 MB used.
      Class:      7.06 MB used.
       Both:     66.60 MB used.

Virtual space:
  Non-class space:       64.00 MB reserved,      60.44 MB ( 94%) committed,  1 nodes.
      Class space:        1.00 GB reserved,       7.62 MB ( <1%) committed,  1 nodes.
             Both:        1.06 GB reserved,      68.06 MB (  6%) committed. 

Chunk freelists:
   Non-Class:  3.41 MB
       Class:  8.22 MB
        Both:  11.63 MB

MaxMetaspaceSize: unlimited
CompressedClassSpaceSize: 1.00 GB
Initial GC threshold: 21.00 MB
Current GC threshold: 97.31 MB
CDS: on
 - commit_granule_bytes: 65536.
 - commit_granule_words: 8192.
 - virtual_space_node_default_size: 8388608.
 - enlarge_chunks_in_place: 1.
 - use_allocation_guard: 0.


Internal statistics:

num_allocs_failed_limit: 9.
num_arena_births: 1168.
num_arena_deaths: 14.
num_vsnodes_births: 2.
num_vsnodes_deaths: 0.
num_space_committed: 1089.
num_space_uncommitted: 0.
num_chunks_returned_to_freelist: 23.
num_chunks_taken_from_freelist: 4247.
num_chunk_merges: 13.
num_chunk_splits: 2549.
num_chunks_enlarged: 1347.
num_inconsistent_stats: 0.

CodeHeap 'non-profiled nmethods': size=120000Kb used=7490Kb max_used=7490Kb free=112509Kb
 bounds [0x0000023cdca00000, 0x0000023cdd160000, 0x0000023ce3f30000]
CodeHeap 'profiled nmethods': size=120000Kb used=25465Kb max_used=25465Kb free=94534Kb
 bounds [0x0000023cd4f30000, 0x0000023cd6810000, 0x0000023cdc460000]
CodeHeap 'non-nmethods': size=5760Kb used=1468Kb max_used=1511Kb free=4291Kb
 bounds [0x0000023cdc460000, 0x0000023cdc6d0000, 0x0000023cdca00000]
CodeCache: size=245760Kb, used=34423Kb, max_used=34466Kb, free=211334Kb
 total_blobs=12264, nmethods=11478, adapters=692, full_count=0
Compilation: enabled, stopped_count=0, restarted_count=0

Compilation events (20 events):
Event: 399.757 Thread 0x0000023cd1de96d0 12351       4       java.lang.Thread::interrupted (7 bytes)
Event: 399.827 Thread 0x0000023cd1de96d0 nmethod 12351 0x0000023cdd14fe90 code [0x0000023cdd150020, 0x0000023cdd1500d8]
Event: 667.858 Thread 0x0000023cd1ded430 12352       3       java.util.concurrent.ScheduledThreadPoolExecutor$ScheduledFutureTask::isPeriodic (15 bytes)
Event: 667.869 Thread 0x0000023cd1ded430 nmethod 12352 0x0000023cd6809a90 code [0x0000023cd6809c20, 0x0000023cd6809d88]
Event: 810.129 Thread 0x0000023cd1ded430 12354   !   3       java.util.concurrent.ScheduledThreadPoolExecutor$DelayedWorkQueue::take (203 bytes)
Event: 810.248 Thread 0x0000023cd1ded430 nmethod 12354 0x0000023cd6809e10 code [0x0000023cd680a1e0, 0x0000023cd680ba80]
Event: 814.713 Thread 0x0000023cd1ded430 12355       3       java.util.logging.Logger::isLoggable (27 bytes)
Event: 814.723 Thread 0x0000023cd1ded430 nmethod 12355 0x0000023cd680c590 code [0x0000023cd680c740, 0x0000023cd680c910]
Event: 817.913 Thread 0x0000023cd1de96d0 12356       4       java.util.concurrent.ThreadPoolExecutor$Worker::lock (6 bytes)
Event: 817.921 Thread 0x0000023cd1ded430 12357       3       java.util.concurrent.ScheduledThreadPoolExecutor$DelayedWorkQueue::add (9 bytes)
Event: 817.926 Thread 0x0000023cd1ded430 nmethod 12357 0x0000023cd680ca10 code [0x0000023cd680cbe0, 0x0000023cd680ceb8]
Event: 817.926 Thread 0x0000023cd1ded430 12358       3       java.util.concurrent.ScheduledThreadPoolExecutor$DelayedWorkQueue::add (6 bytes)
Event: 817.927 Thread 0x0000023cd1ded430 nmethod 12358 0x0000023cd680cf90 code [0x0000023cd680d140, 0x0000023cd680d298]
Event: 817.927 Thread 0x0000023cd1ded430 12359       3       java.util.concurrent.ThreadPoolExecutor::ensurePrestart (41 bytes)
Event: 817.933 Thread 0x0000023cd1de96d0 nmethod 12356 0x0000023cdd150190 code [0x0000023cdd150320, 0x0000023cdd150400]
Event: 817.945 Thread 0x0000023cd1ded430 nmethod 12359 0x0000023cd680d390 code [0x0000023cd680d560, 0x0000023cd680d810]
Event: 820.130 Thread 0x0000023cd1ded430 12360       3       java.util.concurrent.ScheduledThreadPoolExecutor::triggerTime (22 bytes)
Event: 820.133 Thread 0x0000023cd1ded430 nmethod 12360 0x0000023cd680d910 code [0x0000023cd680dac0, 0x0000023cd680dca0]
Event: 840.152 Thread 0x0000023cd1ded430 12361       3       java.util.concurrent.ScheduledThreadPoolExecutor$ScheduledFutureTask::run (57 bytes)
Event: 840.192 Thread 0x0000023cd1ded430 nmethod 12361 0x0000023cd680dd90 code [0x0000023cd680dfc0, 0x0000023cd680e530]

GC Heap History (20 events):
Event: 133.734 GC heap before
{Heap before GC invocations=248 (full 3):
 PSYoungGen      total 6656K, used 6528K [0x00000000d5580000, 0x00000000d5d00000, 0x0000000100000000)
  eden space 6144K, 100% used [0x00000000d5580000,0x00000000d5b80000,0x00000000d5b80000)
  from space 512K, 75% used [0x00000000d5c80000,0x00000000d5ce0000,0x00000000d5d00000)
  to   space 512K, 0% used [0x00000000d5c00000,0x00000000d5c00000,0x00000000d5c80000)
 ParOldGen       total 191488K, used 191118K [0x0000000080000000, 0x000000008bb00000, 0x00000000d5580000)
  object space 191488K, 99% used [0x0000000080000000,0x000000008baa3a18,0x000000008bb00000)
 Metaspace       used 65940K, committed 67328K, reserved 1114112K
  class space    used 7010K, committed 7552K, reserved 1048576K
}
Event: 133.739 GC heap after
{Heap after GC invocations=248 (full 3):
 PSYoungGen      total 6656K, used 320K [0x00000000d5580000, 0x00000000d5d00000, 0x0000000100000000)
  eden space 6144K, 0% used [0x00000000d5580000,0x00000000d5580000,0x00000000d5b80000)
  from space 512K, 62% used [0x00000000d5c00000,0x00000000d5c50000,0x00000000d5c80000)
  to   space 512K, 0% used [0x00000000d5c80000,0x00000000d5c80000,0x00000000d5d00000)
 ParOldGen       total 191488K, used 191309K [0x0000000080000000, 0x000000008bb00000, 0x00000000d5580000)
  object space 191488K, 99% used [0x0000000080000000,0x000000008bad36c8,0x000000008bb00000)
 Metaspace       used 65940K, committed 67328K, reserved 1114112K
  class space    used 7010K, committed 7552K, reserved 1048576K
}
Event: 134.935 GC heap before
{Heap before GC invocations=249 (full 3):
 PSYoungGen      total 6656K, used 6464K [0x00000000d5580000, 0x00000000d5d00000, 0x0000000100000000)
  eden space 6144K, 100% used [0x00000000d5580000,0x00000000d5b80000,0x00000000d5b80000)
  from space 512K, 62% used [0x00000000d5c00000,0x00000000d5c50000,0x00000000d5c80000)
  to   space 512K, 0% used [0x00000000d5c80000,0x00000000d5c80000,0x00000000d5d00000)
 ParOldGen       total 191488K, used 191309K [0x0000000080000000, 0x000000008bb00000, 0x00000000d5580000)
  object space 191488K, 99% used [0x0000000080000000,0x000000008bad36c8,0x000000008bb00000)
 Metaspace       used 65940K, committed 67328K, reserved 1114112K
  class space    used 7010K, committed 7552K, reserved 1048576K
}
Event: 134.937 GC heap after
{Heap after GC invocations=249 (full 3):
 PSYoungGen      total 6656K, used 320K [0x00000000d5580000, 0x00000000d5d00000, 0x0000000100000000)
  eden space 6144K, 0% used [0x00000000d5580000,0x00000000d5580000,0x00000000d5b80000)
  from space 512K, 62% used [0x00000000d5c80000,0x00000000d5cd0000,0x00000000d5d00000)
  to   space 512K, 0% used [0x00000000d5c00000,0x00000000d5c00000,0x00000000d5c80000)
 ParOldGen       total 191488K, used 191429K [0x0000000080000000, 0x000000008bb00000, 0x00000000d5580000)
  object space 191488K, 99% used [0x0000000080000000,0x000000008baf16c8,0x000000008bb00000)
 Metaspace       used 65940K, committed 67328K, reserved 1114112K
  class space    used 7010K, committed 7552K, reserved 1048576K
}
Event: 134.960 GC heap before
{Heap before GC invocations=250 (full 3):
 PSYoungGen      total 6656K, used 6464K [0x00000000d5580000, 0x00000000d5d00000, 0x0000000100000000)
  eden space 6144K, 100% used [0x00000000d5580000,0x00000000d5b80000,0x00000000d5b80000)
  from space 512K, 62% used [0x00000000d5c80000,0x00000000d5cd0000,0x00000000d5d00000)
  to   space 512K, 0% used [0x00000000d5c00000,0x00000000d5c00000,0x00000000d5c80000)
 ParOldGen       total 191488K, used 191429K [0x0000000080000000, 0x000000008bb00000, 0x00000000d5580000)
  object space 191488K, 99% used [0x0000000080000000,0x000000008baf16c8,0x000000008bb00000)
 Metaspace       used 65940K, committed 67328K, reserved 1114112K
  class space    used 7010K, committed 7552K, reserved 1048576K
}
Event: 134.962 GC heap after
{Heap after GC invocations=250 (full 3):
 PSYoungGen      total 6656K, used 256K [0x00000000d5580000, 0x00000000d5d00000, 0x0000000100000000)
  eden space 6144K, 0% used [0x00000000d5580000,0x00000000d5580000,0x00000000d5b80000)
  from space 512K, 50% used [0x00000000d5c00000,0x00000000d5c40000,0x00000000d5c80000)
  to   space 512K, 0% used [0x00000000d5c80000,0x00000000d5c80000,0x00000000d5d00000)
 ParOldGen       total 192000K, used 191605K [0x0000000080000000, 0x000000008bb80000, 0x00000000d5580000)
  object space 192000K, 99% used [0x0000000080000000,0x000000008bb1d6c8,0x000000008bb80000)
 Metaspace       used 65940K, committed 67328K, reserved 1114112K
  class space    used 7010K, committed 7552K, reserved 1048576K
}
Event: 135.025 GC heap before
{Heap before GC invocations=251 (full 3):
 PSYoungGen      total 6656K, used 6400K [0x00000000d5580000, 0x00000000d5d00000, 0x0000000100000000)
  eden space 6144K, 100% used [0x00000000d5580000,0x00000000d5b80000,0x00000000d5b80000)
  from space 512K, 50% used [0x00000000d5c00000,0x00000000d5c40000,0x00000000d5c80000)
  to   space 512K, 0% used [0x00000000d5c80000,0x00000000d5c80000,0x00000000d5d00000)
 ParOldGen       total 192000K, used 191605K [0x0000000080000000, 0x000000008bb80000, 0x00000000d5580000)
  object space 192000K, 99% used [0x0000000080000000,0x000000008bb1d6c8,0x000000008bb80000)
 Metaspace       used 65940K, committed 67328K, reserved 1114112K
  class space    used 7010K, committed 7552K, reserved 1048576K
}
Event: 135.028 GC heap after
{Heap after GC invocations=251 (full 3):
 PSYoungGen      total 6656K, used 447K [0x00000000d5580000, 0x00000000d5d00000, 0x0000000100000000)
  eden space 6144K, 0% used [0x00000000d5580000,0x00000000d5580000,0x00000000d5b80000)
  from space 512K, 87% used [0x00000000d5c80000,0x00000000d5ceff70,0x00000000d5d00000)
  to   space 512K, 0% used [0x00000000d5c00000,0x00000000d5c00000,0x00000000d5c80000)
 ParOldGen       total 192000K, used 191757K [0x0000000080000000, 0x000000008bb80000, 0x00000000d5580000)
  object space 192000K, 99% used [0x0000000080000000,0x000000008bb436c8,0x000000008bb80000)
 Metaspace       used 65940K, committed 67328K, reserved 1114112K
  class space    used 7010K, committed 7552K, reserved 1048576K
}
Event: 135.302 GC heap before
{Heap before GC invocations=252 (full 3):
 PSYoungGen      total 6656K, used 6591K [0x00000000d5580000, 0x00000000d5d00000, 0x0000000100000000)
  eden space 6144K, 100% used [0x00000000d5580000,0x00000000d5b80000,0x00000000d5b80000)
  from space 512K, 87% used [0x00000000d5c80000,0x00000000d5ceff70,0x00000000d5d00000)
  to   space 512K, 0% used [0x00000000d5c00000,0x00000000d5c00000,0x00000000d5c80000)
 ParOldGen       total 192000K, used 191757K [0x0000000080000000, 0x000000008bb80000, 0x00000000d5580000)
  object space 192000K, 99% used [0x0000000080000000,0x000000008bb436c8,0x000000008bb80000)
 Metaspace       used 66041K, committed 67456K, reserved 1114112K
  class space    used 7018K, committed 7552K, reserved 1048576K
}
Event: 135.305 GC heap after
{Heap after GC invocations=252 (full 3):
 PSYoungGen      total 6656K, used 462K [0x00000000d5580000, 0x00000000d5d00000, 0x0000000100000000)
  eden space 6144K, 0% used [0x00000000d5580000,0x00000000d5580000,0x00000000d5b80000)
  from space 512K, 90% used [0x00000000d5c00000,0x00000000d5c73b00,0x00000000d5c80000)
  to   space 512K, 0% used [0x00000000d5c80000,0x00000000d5c80000,0x00000000d5d00000)
 ParOldGen       total 192512K, used 192028K [0x0000000080000000, 0x000000008bc00000, 0x00000000d5580000)
  object space 192512K, 99% used [0x0000000080000000,0x000000008bb87158,0x000000008bc00000)
 Metaspace       used 66041K, committed 67456K, reserved 1114112K
  class space    used 7018K, committed 7552K, reserved 1048576K
}
Event: 136.081 GC heap before
{Heap before GC invocations=253 (full 3):
 PSYoungGen      total 6656K, used 6606K [0x00000000d5580000, 0x00000000d5d00000, 0x0000000100000000)
  eden space 6144K, 100% used [0x00000000d5580000,0x00000000d5b80000,0x00000000d5b80000)
  from space 512K, 90% used [0x00000000d5c00000,0x00000000d5c73b00,0x00000000d5c80000)
  to   space 512K, 0% used [0x00000000d5c80000,0x00000000d5c80000,0x00000000d5d00000)
 ParOldGen       total 192512K, used 192028K [0x0000000080000000, 0x000000008bc00000, 0x00000000d5580000)
  object space 192512K, 99% used [0x0000000080000000,0x000000008bb87158,0x000000008bc00000)
 Metaspace       used 66614K, committed 68096K, reserved 1114112K
  class space    used 7096K, committed 7680K, reserved 1048576K
}
Event: 136.087 GC heap after
{Heap after GC invocations=253 (full 3):
 PSYoungGen      total 6144K, used 512K [0x00000000d5580000, 0x00000000d5e80000, 0x0000000100000000)
  eden space 5632K, 0% used [0x00000000d5580000,0x00000000d5580000,0x00000000d5b00000)
  from space 512K, 100% used [0x00000000d5c80000,0x00000000d5d00000,0x00000000d5d00000)
  to   space 1536K, 0% used [0x00000000d5b00000,0x00000000d5b00000,0x00000000d5c80000)
 ParOldGen       total 193024K, used 192524K [0x0000000080000000, 0x000000008bc80000, 0x00000000d5580000)
  object space 193024K, 99% used [0x0000000080000000,0x000000008bc033f8,0x000000008bc80000)
 Metaspace       used 66614K, committed 68096K, reserved 1114112K
  class space    used 7096K, committed 7680K, reserved 1048576K
}
Event: 136.403 GC heap before
{Heap before GC invocations=254 (full 3):
 PSYoungGen      total 6144K, used 6144K [0x00000000d5580000, 0x00000000d5e80000, 0x0000000100000000)
  eden space 5632K, 100% used [0x00000000d5580000,0x00000000d5b00000,0x00000000d5b00000)
  from space 512K, 100% used [0x00000000d5c80000,0x00000000d5d00000,0x00000000d5d00000)
  to   space 1536K, 0% used [0x00000000d5b00000,0x00000000d5b00000,0x00000000d5c80000)
 ParOldGen       total 193024K, used 192524K [0x0000000080000000, 0x000000008bc80000, 0x00000000d5580000)
  object space 193024K, 99% used [0x0000000080000000,0x000000008bc033f8,0x000000008bc80000)
 Metaspace       used 66872K, committed 68288K, reserved 1114112K
  class space    used 7118K, committed 7680K, reserved 1048576K
}
Event: 136.413 GC heap after
{Heap after GC invocations=254 (full 3):
 PSYoungGen      total 6656K, used 560K [0x00000000d5580000, 0x00000000d5d00000, 0x0000000100000000)
  eden space 5632K, 0% used [0x00000000d5580000,0x00000000d5580000,0x00000000d5b00000)
  from space 1024K, 54% used [0x00000000d5b00000,0x00000000d5b8c180,0x00000000d5c00000)
  to   space 1024K, 0% used [0x00000000d5c00000,0x00000000d5c00000,0x00000000d5d00000)
 ParOldGen       total 193024K, used 192989K [0x0000000080000000, 0x000000008bc80000, 0x00000000d5580000)
  object space 193024K, 99% used [0x0000000080000000,0x000000008bc77408,0x000000008bc80000)
 Metaspace       used 66872K, committed 68288K, reserved 1114112K
  class space    used 7118K, committed 7680K, reserved 1048576K
}
Event: 136.734 GC heap before
{Heap before GC invocations=255 (full 3):
 PSYoungGen      total 6656K, used 6192K [0x00000000d5580000, 0x00000000d5d00000, 0x0000000100000000)
  eden space 5632K, 100% used [0x00000000d5580000,0x00000000d5b00000,0x00000000d5b00000)
  from space 1024K, 54% used [0x00000000d5b00000,0x00000000d5b8c180,0x00000000d5c00000)
  to   space 1024K, 0% used [0x00000000d5c00000,0x00000000d5c00000,0x00000000d5d00000)
 ParOldGen       total 193024K, used 192989K [0x0000000080000000, 0x000000008bc80000, 0x00000000d5580000)
  object space 193024K, 99% used [0x0000000080000000,0x000000008bc77408,0x000000008bc80000)
 Metaspace       used 67105K, committed 68544K, reserved 1114112K
  class space    used 7131K, committed 7680K, reserved 1048576K
}
Event: 136.738 GC heap after
{Heap after GC invocations=255 (full 3):
 PSYoungGen      total 6656K, used 624K [0x00000000d5580000, 0x00000000d5d00000, 0x0000000100000000)
  eden space 5632K, 0% used [0x00000000d5580000,0x00000000d5580000,0x00000000d5b00000)
  from space 1024K, 61% used [0x00000000d5c00000,0x00000000d5c9c2d8,0x00000000d5d00000)
  to   space 1024K, 0% used [0x00000000d5b00000,0x00000000d5b00000,0x00000000d5c00000)
 ParOldGen       total 193536K, used 193358K [0x0000000080000000, 0x000000008bd00000, 0x00000000d5580000)
  object space 193536K, 99% used [0x0000000080000000,0x000000008bcd3828,0x000000008bd00000)
 Metaspace       used 67105K, committed 68544K, reserved 1114112K
  class space    used 7131K, committed 7680K, reserved 1048576K
}
Event: 137.379 GC heap before
{Heap before GC invocations=256 (full 3):
 PSYoungGen      total 6656K, used 6212K [0x00000000d5580000, 0x00000000d5d00000, 0x0000000100000000)
  eden space 5632K, 99% used [0x00000000d5580000,0x00000000d5af4f00,0x00000000d5b00000)
  from space 1024K, 61% used [0x00000000d5c00000,0x00000000d5c9c2d8,0x00000000d5d00000)
  to   space 1024K, 0% used [0x00000000d5b00000,0x00000000d5b00000,0x00000000d5c00000)
 ParOldGen       total 193536K, used 193358K [0x0000000080000000, 0x000000008bd00000, 0x00000000d5580000)
  object space 193536K, 99% used [0x0000000080000000,0x000000008bcd3828,0x000000008bd00000)
 Metaspace       used 67852K, committed 69248K, reserved 1114112K
  class space    used 7197K, committed 7744K, reserved 1048576K
}
Event: 137.383 GC heap after
{Heap after GC invocations=256 (full 3):
 PSYoungGen      total 6656K, used 787K [0x00000000d5580000, 0x00000000d5d00000, 0x0000000100000000)
  eden space 5632K, 0% used [0x00000000d5580000,0x00000000d5580000,0x00000000d5b00000)
  from space 1024K, 76% used [0x00000000d5b00000,0x00000000d5bc4da8,0x00000000d5c00000)
  to   space 1024K, 0% used [0x00000000d5c00000,0x00000000d5c00000,0x00000000d5d00000)
 ParOldGen       total 194048K, used 193880K [0x0000000080000000, 0x000000008bd80000, 0x00000000d5580000)
  object space 194048K, 99% used [0x0000000080000000,0x000000008bd56158,0x000000008bd80000)
 Metaspace       used 67852K, committed 69248K, reserved 1114112K
  class space    used 7197K, committed 7744K, reserved 1048576K
}
Event: 198.940 GC heap before
{Heap before GC invocations=257 (full 3):
 PSYoungGen      total 6656K, used 6419K [0x00000000d5580000, 0x00000000d5d00000, 0x0000000100000000)
  eden space 5632K, 100% used [0x00000000d5580000,0x00000000d5b00000,0x00000000d5b00000)
  from space 1024K, 76% used [0x00000000d5b00000,0x00000000d5bc4da8,0x00000000d5c00000)
  to   space 1024K, 0% used [0x00000000d5c00000,0x00000000d5c00000,0x00000000d5d00000)
 ParOldGen       total 194048K, used 193880K [0x0000000080000000, 0x000000008bd80000, 0x00000000d5580000)
  object space 194048K, 99% used [0x0000000080000000,0x000000008bd56158,0x000000008bd80000)
 Metaspace       used 68108K, committed 69568K, reserved 1114112K
  class space    used 7221K, committed 7808K, reserved 1048576K
}
Event: 199.018 GC heap after
{Heap after GC invocations=257 (full 3):
 PSYoungGen      total 6656K, used 423K [0x00000000d5580000, 0x00000000d5d00000, 0x0000000100000000)
  eden space 5632K, 0% used [0x00000000d5580000,0x00000000d5580000,0x00000000d5b00000)
  from space 1024K, 41% used [0x00000000d5c00000,0x00000000d5c69e90,0x00000000d5d00000)
  to   space 1024K, 0% used [0x00000000d5b00000,0x00000000d5b00000,0x00000000d5c00000)
 ParOldGen       total 194560K, used 194306K [0x0000000080000000, 0x000000008be00000, 0x00000000d5580000)
  object space 194560K, 99% used [0x0000000080000000,0x000000008bdc09f8,0x000000008be00000)
 Metaspace       used 68108K, committed 69568K, reserved 1114112K
  class space    used 7221K, committed 7808K, reserved 1048576K
}

Dll operation events (12 events):
Event: 0.086 Loaded shared library c:\Users\Anshika Jain\.vscode\extensions\redhat.java-1.54.0-win32-x64\jre\21.0.10-win32-x86_64\bin\java.dll
Event: 0.443 Loaded shared library c:\Users\Anshika Jain\.vscode\extensions\redhat.java-1.54.0-win32-x64\jre\21.0.10-win32-x86_64\bin\zip.dll
Event: 0.561 Loaded shared library C:\Users\Anshika Jain\.vscode\extensions\redhat.java-1.54.0-win32-x64\jre\21.0.10-win32-x86_64\bin\instrument.dll
Event: 0.581 Loaded shared library C:\Users\Anshika Jain\.vscode\extensions\redhat.java-1.54.0-win32-x64\jre\21.0.10-win32-x86_64\bin\net.dll
Event: 0.611 Loaded shared library C:\Users\Anshika Jain\.vscode\extensions\redhat.java-1.54.0-win32-x64\jre\21.0.10-win32-x86_64\bin\nio.dll
Event: 0.638 Loaded shared library C:\Users\Anshika Jain\.vscode\extensions\redhat.java-1.54.0-win32-x64\jre\21.0.10-win32-x86_64\bin\zip.dll
Event: 0.774 Loaded shared library C:\Users\Anshika Jain\.vscode\extensions\redhat.java-1.54.0-win32-x64\jre\21.0.10-win32-x86_64\bin\jimage.dll
Event: 1.148 Loaded shared library c:\Users\Anshika Jain\.vscode\extensions\redhat.java-1.54.0-win32-x64\jre\21.0.10-win32-x86_64\bin\verify.dll
Event: 31.847 Loaded shared library C:\Users\Anshika Jain\AppData\Roaming\Code\User\globalStorage\redhat.java\1.54.0\config_win\org.eclipse.equinox.launcher\org.eclipse.equinox.launcher.win32.win32.x86_64_1.3.0.v20260203-2149\eclipse_11919.dll
Event: 53.430 Loaded shared library C:\Users\Anshika Jain\AppData\Local\Temp\jna-1177354783\jna16199803368128521111.dll
Event: 59.366 Loaded shared library C:\Users\Anshika Jain\.vscode\extensions\redhat.java-1.54.0-win32-x64\jre\21.0.10-win32-x86_64\bin\sunmscapi.dll
Event: 62.126 Loaded shared library C:\Users\Anshika Jain\.vscode\extensions\redhat.java-1.54.0-win32-x64\jre\21.0.10-win32-x86_64\bin\extnet.dll

Deoptimization events (20 events):
Event: 137.534 Thread 0x0000023cf0b21810 Uncommon trap: trap_request=0xffffff45 fr.pc=0x0000023cdcade738 relative=0x00000000000003b8
Event: 137.534 Thread 0x0000023cf0b21810 Uncommon trap: reason=unstable_if action=reinterpret pc=0x0000023cdcade738 method=java.lang.ThreadLocal$ThreadLocalMap.set(Ljava/lang/ThreadLocal;Ljava/lang/Object;)V @ 116 c2
Event: 137.534 Thread 0x0000023cf0b21810 DEOPT PACKING pc=0x0000023cdcade738 sp=0x0000008a90afe2c0
Event: 137.537 Thread 0x0000023cf0b21810 DEOPT UNPACKING pc=0x0000023cdc4b3aa2 sp=0x0000008a90afe178 mode 2
Event: 137.556 Thread 0x0000023cf0b21ea0 Uncommon trap: trap_request=0xffffffc6 fr.pc=0x0000023cdd033204 relative=0x0000000000000b24
Event: 137.556 Thread 0x0000023cf0b21ea0 Uncommon trap: reason=bimorphic_or_optimized_type_check action=maybe_recompile pc=0x0000023cdd033204 method=java.util.concurrent.ConcurrentHashMap.putAll(Ljava/util/Map;)V @ 32 c2
Event: 137.556 Thread 0x0000023cf0b21ea0 DEOPT PACKING pc=0x0000023cdd033204 sp=0x0000008a906fe4f0
Event: 137.556 Thread 0x0000023cf0b21ea0 DEOPT UNPACKING pc=0x0000023cdc4b3aa2 sp=0x0000008a906fe4a0 mode 2
Event: 137.569 Thread 0x0000023cf0b21810 Uncommon trap: trap_request=0xffffffc6 fr.pc=0x0000023cdd033204 relative=0x0000000000000b24
Event: 137.571 Thread 0x0000023cf0b21810 Uncommon trap: reason=bimorphic_or_optimized_type_check action=maybe_recompile pc=0x0000023cdd033204 method=java.util.concurrent.ConcurrentHashMap.putAll(Ljava/util/Map;)V @ 32 c2
Event: 137.571 Thread 0x0000023cf0b21810 DEOPT PACKING pc=0x0000023cdd033204 sp=0x0000008a90afe680
Event: 137.571 Thread 0x0000023cf0b21810 DEOPT UNPACKING pc=0x0000023cdc4b3aa2 sp=0x0000008a90afe630 mode 2
Event: 199.032 Thread 0x0000023cf0b21ea0 Uncommon trap: trap_request=0xffffff45 fr.pc=0x0000023cdcc5d710 relative=0x0000000000000990
Event: 199.034 Thread 0x0000023cf0b21ea0 Uncommon trap: reason=unstable_if action=reinterpret pc=0x0000023cdcc5d710 method=org.eclipse.osgi.storage.bundlefile.ZipBundleFile.findEntry(Ljava/lang/String;)Lorg/eclipse/osgi/storage/bundlefile/BundleEntry; @ 37 c2
Event: 199.035 Thread 0x0000023cf0b21ea0 DEOPT PACKING pc=0x0000023cdcc5d710 sp=0x0000008a906fddf0
Event: 199.036 Thread 0x0000023cf0b21ea0 DEOPT UNPACKING pc=0x0000023cdc4b3aa2 sp=0x0000008a906fdda0 mode 2
Event: 208.783 Thread 0x0000023cf0b21ea0 Uncommon trap: trap_request=0xffffffc6 fr.pc=0x0000023cdd033204 relative=0x0000000000000b24
Event: 208.783 Thread 0x0000023cf0b21ea0 Uncommon trap: reason=bimorphic_or_optimized_type_check action=maybe_recompile pc=0x0000023cdd033204 method=java.util.concurrent.ConcurrentHashMap.putAll(Ljava/util/Map;)V @ 32 c2
Event: 208.784 Thread 0x0000023cf0b21ea0 DEOPT PACKING pc=0x0000023cdd033204 sp=0x0000008a906fe400
Event: 208.785 Thread 0x0000023cf0b21ea0 DEOPT UNPACKING pc=0x0000023cdc4b3aa2 sp=0x0000008a906fe3b0 mode 2

Classes loaded (20 events):
Event: 96.527 Loading class java/util/zip/GZIPInputStream$1
Event: 96.528 Loading class java/util/zip/GZIPInputStream$1 done
Event: 99.784 Loading class java/util/stream/ReferencePipeline$4
Event: 99.786 Loading class java/util/stream/ReferencePipeline$4 done
Event: 99.787 Loading class java/util/stream/Nodes$IntFixedNodeBuilder
Event: 99.788 Loading class java/util/stream/Node$Builder$OfInt
Event: 99.788 Loading class java/util/stream/Node$Builder$OfInt done
Event: 99.788 Loading class java/util/stream/Nodes$IntArrayNode
Event: 99.789 Loading class java/util/stream/Nodes$IntArrayNode done
Event: 99.790 Loading class java/util/stream/Nodes$IntFixedNodeBuilder done
Event: 99.790 Loading class java/util/stream/ReferencePipeline$4$1
Event: 99.790 Loading class java/util/stream/ReferencePipeline$4$1 done
Event: 107.024 Loading class sun/nio/cs/ISO_8859_1$Decoder
Event: 107.025 Loading class sun/nio/cs/ISO_8859_1$Decoder done
Event: 135.366 Loading class java/lang/invoke/MethodHandleImpl$CountingWrapper$1
Event: 135.370 Loading class java/lang/invoke/MethodHandleImpl$CountingWrapper$1 done
Event: 135.949 Loading class java/util/stream/ReduceOps$4
Event: 135.951 Loading class java/util/stream/ReduceOps$4 done
Event: 135.951 Loading class java/util/stream/ReduceOps$4ReducingSink
Event: 135.956 Loading class java/util/stream/ReduceOps$4ReducingSink done

Classes unloaded (7 events):
Event: 54.648 Thread 0x0000023cd1cc40c0 Unloading class 0x0000023c811b3000 'java/lang/invoke/LambdaForm$MH+0x0000023c811b3000'
Event: 54.648 Thread 0x0000023cd1cc40c0 Unloading class 0x0000023c811b2c00 'java/lang/invoke/LambdaForm$MH+0x0000023c811b2c00'
Event: 54.648 Thread 0x0000023cd1cc40c0 Unloading class 0x0000023c811b2800 'java/lang/invoke/LambdaForm$MH+0x0000023c811b2800'
Event: 54.648 Thread 0x0000023cd1cc40c0 Unloading class 0x0000023c811b2400 'java/lang/invoke/LambdaForm$MH+0x0000023c811b2400'
Event: 54.648 Thread 0x0000023cd1cc40c0 Unloading class 0x0000023c811b2000 'java/lang/invoke/LambdaForm$BMH+0x0000023c811b2000'
Event: 54.648 Thread 0x0000023cd1cc40c0 Unloading class 0x0000023c811b1c00 'java/lang/invoke/LambdaForm$DMH+0x0000023c811b1c00'
Event: 54.648 Thread 0x0000023cd1cc40c0 Unloading class 0x0000023c811b0800 'java/lang/invoke/LambdaForm$DMH+0x0000023c811b0800'

Classes redefined (0 events):
No events

Internal exceptions (20 events):
Event: 96.576 Thread 0x0000023cf0b21810 Exception <a 'sun/nio/fs/WindowsException'{0x00000000d5914ea0}> (0x00000000d5914ea0) 
thrown [s\src\hotspot\share\prims\jni.cpp, line 520]
Event: 98.808 Thread 0x0000023cf0b21810 Exception <a 'java/lang/NoSuchMethodError'{0x00000000d572ad48}: 'void java.lang.invoke.DirectMethodHandle$Holder.invokeStatic(java.lang.Object, java.lang.Object, java.lang.Object, int)'> (0x00000000d572ad48) 
thrown [s\src\hotspot\share\interpreter\linkResolver.cpp, line 773]
Event: 98.878 Thread 0x0000023cf0b21810 Exception <a 'java/lang/NoSuchMethodError'{0x00000000d5611680}: 'void java.lang.invoke.DirectMethodHandle$Holder.invokeVirtual(java.lang.Object, java.lang.Object, int)'> (0x00000000d5611680) 
thrown [s\src\hotspot\share\interpreter\linkResolver.cpp, line 773]
Event: 99.300 Thread 0x0000023cf0a6d410 Exception <a 'java/lang/NoSuchMethodError'{0x00000000d573f5c0}: 'java.lang.Object java.lang.invoke.DirectMethodHandle$Holder.invokeStatic(java.lang.Object, java.lang.Object, int, java.lang.Object)'> (0x00000000d573f5c0) 
thrown [s\src\hotspot\share\interpreter\linkResolver.cpp, line 773]
Event: 99.302 Thread 0x0000023cf0a6d410 Exception <a 'java/lang/NoSuchMethodError'{0x00000000d5745f10}: 'java.lang.Object java.lang.invoke.DirectMethodHandle$Holder.newInvokeSpecial(java.lang.Object, java.lang.Object, int)'> (0x00000000d5745f10) 
thrown [s\src\hotspot\share\interpreter\linkResolver.cpp, line 773]
Event: 103.520 Thread 0x0000023cf0b22bc0 Exception <a 'java/lang/ArrayIndexOutOfBoundsException'{0x00000000d56b00f0}> (0x00000000d56b00f0) 
thrown [s\src\hotspot\share\runtime\sharedRuntime.cpp, line 625]
Event: 103.818 Thread 0x0000023cf0a6e130 Implicit null exception at 0x0000023cdce51e21 to 0x0000023cdce52134
Event: 106.328 Thread 0x0000023cf0b21810 Exception <a 'java/lang/NoSuchMethodError'{0x00000000d55d7778}: 'void java.lang.invoke.DirectMethodHandle$Holder.invokeInterface(java.lang.Object, java.lang.Object)'> (0x00000000d55d7778) 
thrown [s\src\hotspot\share\interpreter\linkResolver.cpp, line 773]
Event: 116.129 Thread 0x0000023cf0b21810 Exception <a 'sun/nio/fs/WindowsException'{0x00000000d5910d70}> (0x00000000d5910d70) 
thrown [s\src\hotspot\share\prims\jni.cpp, line 520]
Event: 116.134 Thread 0x0000023cf0b21810 Exception <a 'sun/nio/fs/WindowsException'{0x00000000d5911898}> (0x00000000d5911898) 
thrown [s\src\hotspot\share\prims\jni.cpp, line 520]
Event: 133.782 Thread 0x0000023cf0a6e130 Implicit null exception at 0x0000023cdd010e60 to 0x0000023cdd0164d4
Event: 133.783 Thread 0x0000023cf0a6e130 Implicit null exception at 0x0000023cdd0cf0a8 to 0x0000023cdd0cfb14
Event: 134.971 Thread 0x0000023cf0a6e130 Implicit null exception at 0x0000023cdcfa8486 to 0x0000023cdcfa8590
Event: 134.971 Thread 0x0000023cf0a6e130 Implicit null exception at 0x0000023cdce6e606 to 0x0000023cdce6e731
Event: 135.159 Thread 0x0000023cf0b21ea0 Exception <a 'java/lang/IncompatibleClassChangeError'{0x00000000d5a7e958}: Found class java.lang.Object, but interface was expected> (0x00000000d5a7e958) 
thrown [s\src\hotspot\share\interpreter\linkResolver.cpp, line 840]
Event: 135.985 Thread 0x0000023cf0b21ea0 Exception <a 'java/lang/NoSuchMethodError'{0x00000000d5ade868}: 'int java.lang.invoke.DirectMethodHandle$Holder.invokeSpecialIFC(java.lang.Object, java.lang.Object, java.lang.Object)'> (0x00000000d5ade868) 
thrown [s\src\hotspot\share\interpreter\linkResolver.cpp, line 773]
Event: 135.985 Thread 0x0000023cf0a6e130 Exception <a 'java/lang/NoSuchMethodError'{0x00000000d5ac63e8}: 'int java.lang.invoke.DirectMethodHandle$Holder.invokeSpecialIFC(java.lang.Object, java.lang.Object, java.lang.Object)'> (0x00000000d5ac63e8) 
thrown [s\src\hotspot\share\interpreter\linkResolver.cpp, line 773]
Event: 137.309 Thread 0x0000023cf0a6e130 Exception <a 'java/io/FileNotFoundException'{0x00000000d5923368}> (0x00000000d5923368) 
thrown [s\src\hotspot\share\prims\jni.cpp, line 520]
Event: 137.314 Thread 0x0000023cf0a6e130 Exception <a 'java/io/FileNotFoundException'{0x00000000d5924480}> (0x00000000d5924480) 
thrown [s\src\hotspot\share\prims\jni.cpp, line 520]
Event: 137.315 Thread 0x0000023cf0a6e130 Exception <a 'java/io/FileNotFoundException'{0x00000000d5925220}> (0x00000000d5925220) 
thrown [s\src\hotspot\share\prims\jni.cpp, line 520]

ZGC Phase Switch (0 events):
No events

VM Operations (20 events):
Event: 541.311 Executing non-safepoint VM operation: HandshakeAllThreads (HandshakeForDeflation)
Event: 541.311 Executing non-safepoint VM operation: HandshakeAllThreads (HandshakeForDeflation) done
Event: 541.311 Executing non-safepoint VM operation: RendezvousGCThreads
Event: 541.311 Executing non-safepoint VM operation: RendezvousGCThreads done
Event: 661.697 Executing non-safepoint VM operation: HandshakeAllThreads (HandshakeForDeflation)
Event: 661.698 Executing non-safepoint VM operation: HandshakeAllThreads (HandshakeForDeflation) done
Event: 661.699 Executing non-safepoint VM operation: RendezvousGCThreads
Event: 661.699 Executing non-safepoint VM operation: RendezvousGCThreads done
Event: 782.051 Executing non-safepoint VM operation: HandshakeAllThreads (HandshakeForDeflation)
Event: 782.053 Executing non-safepoint VM operation: HandshakeAllThreads (HandshakeForDeflation) done
Event: 782.053 Executing non-safepoint VM operation: RendezvousGCThreads
Event: 782.053 Executing non-safepoint VM operation: RendezvousGCThreads done
Event: 842.090 Executing non-safepoint VM operation: HandshakeAllThreads (HandshakeForDeflation)
Event: 842.092 Executing non-safepoint VM operation: HandshakeAllThreads (HandshakeForDeflation) done
Event: 842.092 Executing non-safepoint VM operation: RendezvousGCThreads
Event: 842.092 Executing non-safepoint VM operation: RendezvousGCThreads done
Event: 902.277 Executing non-safepoint VM operation: HandshakeAllThreads (HandshakeForDeflation)
Event: 902.286 Executing non-safepoint VM operation: HandshakeAllThreads (HandshakeForDeflation) done
Event: 902.286 Executing non-safepoint VM operation: RendezvousGCThreads
Event: 902.287 Executing non-safepoint VM operation: RendezvousGCThreads done

Memory protections (0 events):
No events

Nmethod flushes (20 events):
Event: 94.201 Thread 0x0000023cd1cc40c0 flushing  nmethod 0x0000023cd5a6c710
Event: 94.201 Thread 0x0000023cd1cc40c0 flushing  nmethod 0x0000023cd5a70610
Event: 94.201 Thread 0x0000023cd1cc40c0 flushing  nmethod 0x0000023cd5a83e10
Event: 94.201 Thread 0x0000023cd1cc40c0 flushing  nmethod 0x0000023cd5aa5b90
Event: 94.201 Thread 0x0000023cd1cc40c0 flushing  nmethod 0x0000023cd5aa8190
Event: 94.201 Thread 0x0000023cd1cc40c0 flushing  nmethod 0x0000023cd5aab210
Event: 94.201 Thread 0x0000023cd1cc40c0 flushing  nmethod 0x0000023cd5aab790
Event: 94.201 Thread 0x0000023cd1cc40c0 flushing  nmethod 0x0000023cd5aabc10
Event: 94.201 Thread 0x0000023cd1cc40c0 flushing  nmethod 0x0000023cd5aac510
Event: 94.201 Thread 0x0000023cd1cc40c0 flushing  nmethod 0x0000023cd5aaca90
Event: 94.201 Thread 0x0000023cd1cc40c0 flushing  nmethod 0x0000023cd5aae010
Event: 94.201 Thread 0x0000023cd1cc40c0 flushing  nmethod 0x0000023cd5aaeb10
Event: 94.201 Thread 0x0000023cd1cc40c0 flushing  nmethod 0x0000023cd5ab0d10
Event: 94.201 Thread 0x0000023cd1cc40c0 flushing  nmethod 0x0000023cd5ab1310
Event: 94.201 Thread 0x0000023cd1cc40c0 flushing  nmethod 0x0000023cd5ab1b90
Event: 94.201 Thread 0x0000023cd1cc40c0 flushing  nmethod 0x0000023cd5ab2090
Event: 94.201 Thread 0x0000023cd1cc40c0 flushing  nmethod 0x0000023cd5ab4d90
Event: 94.201 Thread 0x0000023cd1cc40c0 flushing  nmethod 0x0000023cd5ab5b10
Event: 94.201 Thread 0x0000023cd1cc40c0 flushing  nmethod 0x0000023cd5ac3210
Event: 94.201 Thread 0x0000023cd1cc40c0 flushing  nmethod 0x0000023cd5ae6110

Events (20 events):
Event: 136.658 Thread 0x0000023cd1ded430 Thread added: 0x0000023cd1d3d340
Event: 136.756 Thread 0x0000023cd1ded430 Thread added: 0x0000023cf1e823f0
Event: 137.013 Thread 0x0000023cf1e823f0 Thread exited: 0x0000023cf1e823f0
Event: 137.014 Thread 0x0000023cd1d3d340 Thread exited: 0x0000023cd1d3d340
Event: 137.425 Thread 0x0000023cd1ded430 Thread added: 0x0000023cf0447790
Event: 137.855 Thread 0x0000023cf0447790 Thread exited: 0x0000023cf0447790
Event: 156.689 Thread 0x0000023cef338bb0 Thread exited: 0x0000023cef338bb0
Event: 160.581 Thread 0x0000023cf0a6d410 Thread exited: 0x0000023cf0a6d410
Event: 197.594 Thread 0x0000023cf0a6c060 Thread exited: 0x0000023cf0a6c060
Event: 197.602 Thread 0x0000023cf0b21810 Thread exited: 0x0000023cf0b21810
Event: 271.906 Thread 0x0000023cf0b21ea0 Thread exited: 0x0000023cf0b21ea0
Event: 331.909 Thread 0x0000023cf0b238e0 Thread exited: 0x0000023cf0b238e0
Event: 391.918 Thread 0x0000023cf0b22bc0 Thread exited: 0x0000023cf0b22bc0
Event: 451.923 Thread 0x0000023cf0b23250 Thread exited: 0x0000023cf0b23250
Event: 511.939 Thread 0x0000023cf0b1fdd0 Thread exited: 0x0000023cf0b1fdd0
Event: 571.943 Thread 0x0000023cf0b23f70 Thread exited: 0x0000023cf0b23f70
Event: 631.963 Thread 0x0000023cf0b24600 Thread exited: 0x0000023cf0b24600
Event: 691.982 Thread 0x0000023cf0b24c90 Thread exited: 0x0000023cf0b24c90
Event: 751.998 Thread 0x0000023cf0b20460 Thread exited: 0x0000023cf0b20460
Event: 812.015 Thread 0x0000023cf0b21180 Thread exited: 0x0000023cf0b21180


Dynamic libraries:
0x00007ff61c9e0000 - 0x00007ff61c9ee000 	c:\Users\Anshika Jain\.vscode\extensions\redhat.java-1.54.0-win32-x64\jre\21.0.10-win32-x86_64\bin\java.exe
0x00007ffca7060000 - 0x00007ffca72c7000 	C:\WINDOWS\SYSTEM32\ntdll.dll
0x00007ffca6330000 - 0x00007ffca63f9000 	C:\WINDOWS\System32\KERNEL32.DLL
0x00007ffca3e80000 - 0x00007ffca4274000 	C:\WINDOWS\System32\KERNELBASE.dll
0x00007ffca3d30000 - 0x00007ffca3e7b000 	C:\WINDOWS\System32\ucrtbase.dll
0x00007ffc82510000 - 0x00007ffc82528000 	c:\Users\Anshika Jain\.vscode\extensions\redhat.java-1.54.0-win32-x64\jre\21.0.10-win32-x86_64\bin\jli.dll
0x00007ffca4f70000 - 0x00007ffca5137000 	C:\WINDOWS\System32\USER32.dll
0x00007ffca4560000 - 0x00007ffca4587000 	C:\WINDOWS\System32\win32u.dll
0x00007ffc85f60000 - 0x00007ffc861f3000 	C:\WINDOWS\WinSxS\amd64_microsoft.windows.common-controls_6595b64144ccf1df_6.0.26100.7859_none_3e0affa8e332208c\COMCTL32.dll
0x00007ffc81dc0000 - 0x00007ffc81dde000 	c:\Users\Anshika Jain\.vscode\extensions\redhat.java-1.54.0-win32-x64\jre\21.0.10-win32-x86_64\bin\VCRUNTIME140.dll
0x00007ffca5370000 - 0x00007ffca539b000 	C:\WINDOWS\System32\GDI32.dll
0x00007ffca3c00000 - 0x00007ffca3d2a000 	C:\WINDOWS\System32\gdi32full.dll
0x00007ffca39d0000 - 0x00007ffca3a73000 	C:\WINDOWS\System32\msvcp_win.dll
0x00007ffca4ec0000 - 0x00007ffca4f69000 	C:\WINDOWS\System32\msvcrt.dll
0x00007ffca4e00000 - 0x00007ffca4e32000 	C:\WINDOWS\System32\IMM32.DLL
0x00007ffc824d0000 - 0x00007ffc824dc000 	c:\Users\Anshika Jain\.vscode\extensions\redhat.java-1.54.0-win32-x64\jre\21.0.10-win32-x86_64\bin\vcruntime140_1.dll
0x00007ffc71d10000 - 0x00007ffc71d9d000 	c:\Users\Anshika Jain\.vscode\extensions\redhat.java-1.54.0-win32-x64\jre\21.0.10-win32-x86_64\bin\msvcp140.dll
0x00007ffbc2030000 - 0x00007ffbc2dd1000 	c:\Users\Anshika Jain\.vscode\extensions\redhat.java-1.54.0-win32-x64\jre\21.0.10-win32-x86_64\bin\server\jvm.dll
0x00007ffca6590000 - 0x00007ffca664b000 	C:\WINDOWS\System32\ADVAPI32.dll
0x00007ffca6d00000 - 0x00007ffca6da7000 	C:\WINDOWS\System32\sechost.dll
0x00007ffca5430000 - 0x00007ffca5548000 	C:\WINDOWS\System32\RPCRT4.dll
0x00007ffca6db0000 - 0x00007ffca6e24000 	C:\WINDOWS\System32\WS2_32.dll
0x00007ffc986b0000 - 0x00007ffc986e5000 	C:\WINDOWS\SYSTEM32\WINMM.dll
0x00007ffca37c0000 - 0x00007ffca381e000 	C:\WINDOWS\SYSTEM32\POWRPROF.dll
0x00007ffc9cba0000 - 0x00007ffc9cbab000 	C:\WINDOWS\SYSTEM32\VERSION.dll
0x00007ffca37a0000 - 0x00007ffca37b4000 	C:\WINDOWS\SYSTEM32\UMPDC.dll
0x00007ffca2690000 - 0x00007ffca26ab000 	C:\WINDOWS\SYSTEM32\kernel.appcore.dll
0x00007ffc81db0000 - 0x00007ffc81dba000 	c:\Users\Anshika Jain\.vscode\extensions\redhat.java-1.54.0-win32-x64\jre\21.0.10-win32-x86_64\bin\jimage.dll
0x00007ffc9a460000 - 0x00007ffc9a6a2000 	C:\WINDOWS\SYSTEM32\DBGHELP.DLL
0x00007ffca5550000 - 0x00007ffca58d2000 	C:\WINDOWS\System32\combase.dll
0x00007ffca6420000 - 0x00007ffca64f7000 	C:\WINDOWS\System32\OLEAUT32.dll
0x00007ffc97f90000 - 0x00007ffc97fcb000 	C:\WINDOWS\SYSTEM32\dbgcore.DLL
0x00007ffca4280000 - 0x00007ffca4325000 	C:\WINDOWS\System32\bcryptPrimitives.dll
0x00007ffc81da0000 - 0x00007ffc81daf000 	c:\Users\Anshika Jain\.vscode\extensions\redhat.java-1.54.0-win32-x64\jre\21.0.10-win32-x86_64\bin\instrument.dll
0x00007ffc80660000 - 0x00007ffc80680000 	c:\Users\Anshika Jain\.vscode\extensions\redhat.java-1.54.0-win32-x64\jre\21.0.10-win32-x86_64\bin\java.dll
0x00007ffca58e0000 - 0x00007ffca603f000 	C:\WINDOWS\System32\SHELL32.dll
0x00007ffca43f0000 - 0x00007ffca455a000 	C:\WINDOWS\System32\wintypes.dll
0x00007ffca4590000 - 0x00007ffca4df4000 	C:\WINDOWS\System32\windows.storage.dll
0x00007ffca6230000 - 0x00007ffca6328000 	C:\WINDOWS\System32\SHCORE.dll
0x00007ffca6af0000 - 0x00007ffca6b57000 	C:\WINDOWS\System32\shlwapi.dll
0x00007ffca3860000 - 0x00007ffca3889000 	C:\WINDOWS\SYSTEM32\profapi.dll
0x00007ffc80610000 - 0x00007ffc80628000 	c:\Users\Anshika Jain\.vscode\extensions\redhat.java-1.54.0-win32-x64\jre\21.0.10-win32-x86_64\bin\zip.dll
0x00007ffc7d9a0000 - 0x00007ffc7d9b0000 	C:\Users\Anshika Jain\.vscode\extensions\redhat.java-1.54.0-win32-x64\jre\21.0.10-win32-x86_64\bin\net.dll
0x00007ffc9c480000 - 0x00007ffc9c5a7000 	C:\WINDOWS\SYSTEM32\WINHTTP.dll
0x00007ffca2c30000 - 0x00007ffca2c9b000 	C:\WINDOWS\system32\mswsock.dll
0x00007ffc7a550000 - 0x00007ffc7a566000 	C:\Users\Anshika Jain\.vscode\extensions\redhat.java-1.54.0-win32-x64\jre\21.0.10-win32-x86_64\bin\nio.dll
0x00007ffc7d990000 - 0x00007ffc7d9a0000 	c:\Users\Anshika Jain\.vscode\extensions\redhat.java-1.54.0-win32-x64\jre\21.0.10-win32-x86_64\bin\verify.dll
0x00007ffc718e0000 - 0x00007ffc71925000 	C:\Users\Anshika Jain\AppData\Roaming\Code\User\globalStorage\redhat.java\1.54.0\config_win\org.eclipse.equinox.launcher\org.eclipse.equinox.launcher.win32.win32.x86_64_1.3.0.v20260203-2149\eclipse_11919.dll
0x00007ffca6b60000 - 0x00007ffca6cf6000 	C:\WINDOWS\System32\ole32.dll
0x00007ffca2f20000 - 0x00007ffca2f3b000 	C:\WINDOWS\SYSTEM32\CRYPTSP.dll
0x00007ffca25f0000 - 0x00007ffca2629000 	C:\WINDOWS\system32\rsaenh.dll
0x00007ffca2ce0000 - 0x00007ffca2d12000 	C:\WINDOWS\SYSTEM32\USERENV.dll
0x00007ffca3830000 - 0x00007ffca385a000 	C:\WINDOWS\SYSTEM32\bcrypt.dll
0x00007ffca2f10000 - 0x00007ffca2f1c000 	C:\WINDOWS\SYSTEM32\CRYPTBASE.dll
0x00007ffca2070000 - 0x00007ffca20a3000 	C:\WINDOWS\SYSTEM32\IPHLPAPI.DLL
0x00007ffca6400000 - 0x00007ffca640a000 	C:\WINDOWS\System32\NSI.dll
0x00007ffc5e5e0000 - 0x00007ffc5e629000 	C:\Users\Anshika Jain\AppData\Local\Temp\jna-1177354783\jna16199803368128521111.dll
0x00007ffca6410000 - 0x00007ffca6418000 	C:\WINDOWS\System32\PSAPI.DLL
0x00007ffc9cbc0000 - 0x00007ffc9cbdd000 	C:\WINDOWS\SYSTEM32\dhcpcsvc6.DLL
0x00007ffc9c0c0000 - 0x00007ffc9c0e3000 	C:\WINDOWS\SYSTEM32\dhcpcsvc.DLL
0x00007ffc7cf60000 - 0x00007ffc7cf6e000 	C:\Users\Anshika Jain\.vscode\extensions\redhat.java-1.54.0-win32-x64\jre\21.0.10-win32-x86_64\bin\sunmscapi.dll
0x00007ffca3a80000 - 0x00007ffca3bf7000 	C:\WINDOWS\System32\CRYPT32.dll
0x00007ffca3130000 - 0x00007ffca3160000 	C:\WINDOWS\SYSTEM32\ncrypt.dll
0x00007ffca30e0000 - 0x00007ffca311f000 	C:\WINDOWS\SYSTEM32\NTASN1.dll
0x00007ffca20b0000 - 0x00007ffca21da000 	C:\WINDOWS\SYSTEM32\DNSAPI.dll
0x00007ffc9bfa0000 - 0x00007ffc9bfab000 	C:\Windows\System32\rasadhlp.dll
0x00007ffc9bae0000 - 0x00007ffc9bb66000 	C:\WINDOWS\System32\fwpuclnt.dll
0x00007ffc7b990000 - 0x00007ffc7b999000 	C:\Users\Anshika Jain\.vscode\extensions\redhat.java-1.54.0-win32-x64\jre\21.0.10-win32-x86_64\bin\extnet.dll

JVMTI agents:
c:\Users\Anshika Jain\.vscode\extensions\redhat.java-1.54.0-win32-x64\lombok\lombok-1.18.39-4050.jar path:c:\Users\Anshika Jain\.vscode\extensions\redhat.java-1.54.0-win32-x64\jre\21.0.10-win32-x86_64\bin\instrument.dll, loaded, initialized, instrumentlib options:none

dbghelp: loaded successfully - version: 4.0.5 - missing functions: none
symbol engine: initialized successfully - sym options: 0x614 - pdb path: .;c:\Users\Anshika Jain\.vscode\extensions\redhat.java-1.54.0-win32-x64\jre\21.0.10-win32-x86_64\bin;C:\WINDOWS\SYSTEM32;C:\WINDOWS\WinSxS\amd64_microsoft.windows.common-controls_6595b64144ccf1df_6.0.26100.7859_none_3e0affa8e332208c;c:\Users\Anshika Jain\.vscode\extensions\redhat.java-1.54.0-win32-x64\jre\21.0.10-win32-x86_64\bin\server;C:\Users\Anshika Jain\AppData\Roaming\Code\User\globalStorage\redhat.java\1.54.0\config_win\org.eclipse.equinox.launcher\org.eclipse.equinox.launcher.win32.win32.x86_64_1.3.0.v20260203-2149;C:\Users\Anshika Jain\AppData\Local\Temp\jna-1177354783

VM Arguments:
jvm_args: --add-modules=ALL-SYSTEM --add-opens=java.base/java.util=ALL-UNNAMED --add-opens=java.base/java.lang=ALL-UNNAMED --add-opens=java.base/sun.nio.fs=ALL-UNNAMED -Declipse.application=org.eclipse.jdt.ls.core.id1 -Dosgi.bundles.defaultStartLevel=4 -Declipse.product=org.eclipse.jdt.ls.core.product -Djava.import.generatesMetadataFilesAtProjectRoot=false -DDetectVMInstallationsJob.disabled=true -Dfile.encoding=utf8 -XX:+UseParallelGC -XX:GCTimeRatio=4 -XX:AdaptiveSizePolicyWeight=90 -Dsun.zip.disableMemoryMapping=true -Xmx2G -Xms100m -Xlog:disable -javaagent:c:\Users\Anshika Jain\.vscode\extensions\redhat.java-1.54.0-win32-x64\lombok\lombok-1.18.39-4050.jar -XX:+HeapDumpOnOutOfMemoryError -XX:HeapDumpPath=c:\Users\Anshika Jain\AppData\Roaming\Code\User\workspaceStorage\75d71e4b29dafd96ba6f02b4c6105d11\redhat.java -Daether.dependencyCollector.impl=bf 
java_command: c:\Users\Anshika Jain\.vscode\extensions\redhat.java-1.54.0-win32-x64\server\plugins\org.eclipse.equinox.launcher_1.7.100.v20251111-0406.jar -configuration c:\Users\Anshika Jain\AppData\Roaming\Code\User\globalStorage\redhat.java\1.54.0\config_win -data c:\Users\Anshika Jain\AppData\Roaming\Code\User\workspaceStorage\75d71e4b29dafd96ba6f02b4c6105d11\redhat.java\jdt_ws --pipe=\\.\pipe\lsp-aefc2fd315b4101b42d7091336284937-sock
java_class_path (initial): c:\Users\Anshika Jain\.vscode\extensions\redhat.java-1.54.0-win32-x64\server\plugins\org.eclipse.equinox.launcher_1.7.100.v20251111-0406.jar
Launcher Type: SUN_STANDARD

[Global flags]
    uintx AdaptiveSizePolicyWeight                 = 90                                        {product} {command line}
     intx CICompilerCount                          = 4                                         {product} {ergonomic}
    uintx GCTimeRatio                              = 4                                         {product} {command line}
     bool HeapDumpOnOutOfMemoryError               = true                                   {manageable} {command line}
    ccstr HeapDumpPath                             = c:\Users\Anshika Jain\AppData\Roaming\Code\User\workspaceStorage\75d71e4b29dafd96ba6f02b4c6105d11\redhat.java         {manageable} {command line}
   size_t InitialHeapSize                          = 104857600                                 {product} {command line}
   size_t MaxHeapSize                              = 2147483648                                {product} {command line}
   size_t MaxNewSize                               = 715653120                                 {product} {ergonomic}
   size_t MinHeapDeltaBytes                        = 524288                                    {product} {ergonomic}
   size_t MinHeapSize                              = 104857600                                 {product} {command line}
   size_t NewSize                                  = 34603008                                  {product} {ergonomic}
    uintx NonNMethodCodeHeapSize                   = 5839372                                {pd product} {ergonomic}
    uintx NonProfiledCodeHeapSize                  = 122909434                              {pd product} {ergonomic}
   size_t OldSize                                  = 70254592                                  {product} {ergonomic}
    uintx ProfiledCodeHeapSize                     = 122909434                              {pd product} {ergonomic}
    uintx ReservedCodeCacheSize                    = 251658240                              {pd product} {ergonomic}
     bool SegmentedCodeCache                       = true                                      {product} {ergonomic}
   size_t SoftMaxHeapSize                          = 2147483648                             {manageable} {ergonomic}
     bool UseCompressedOops                        = true                           {product lp64_product} {ergonomic}
     bool UseLargePagesIndividualAllocation        = false                                  {pd product} {ergonomic}
     bool UseParallelGC                            = true                                      {product} {command line}

Logging:
Log output configuration:
 #0: stdout all=off uptime,level,tags foldmultilines=false
 #1: stderr all=off uptime,level,tags foldmultilines=false

Release file:
JAVA_VERSION="21.0.10" 
MODULES="java.base java.compiler java.datatransfer java.xml java.prefs java.desktop java.instrument java.logging java.management java.security.sasl java.naming java.rmi java.management.rmi java.net.http java.scripting java.security.jgss java.transaction.xa java.sql java.sql.rowset java.xml.crypto java.se java.smartcardio jdk.accessibility jdk.internal.jvmstat jdk.attach jdk.charsets jdk.internal.opt jdk.zipfs jdk.compiler jdk.crypto.ec jdk.crypto.cryptoki jdk.crypto.mscapi jdk.dynalink jdk.internal.ed jdk.editpad jdk.hotspot.agent jdk.httpserver jdk.internal.le jdk.internal.vm.ci jdk.internal.vm.compiler jdk.internal.vm.compiler.management jdk.jartool jdk.javadoc jdk.jcmd jdk.management jdk.management.agent jdk.jconsole jdk.jdeps jdk.jdwp.agent jdk.jdi jdk.jfr jdk.jshell jdk.jsobject jdk.jstatd jdk.localedata jdk.management.jfr jdk.naming.dns jdk.naming.rmi jdk.net jdk.nio.mapmode jdk.random jdk.sctp jdk.security.auth jdk.security.jgss jdk.unsupported jdk.unsupported.desktop jdk.xml.dom" 

Environment Variables:
PATH=C:\Program Files\Common Files\Oracle\Java\javapath;C:\Program Files\NVIDIA GPU Computing Toolkit\CUDA\v12.4\bin;C:\Program Files\NVIDIA GPU Computing Toolkit\CUDA\v12.4\libnvvp;C:\windows\system32;C:\windows;C:\windows\System32\Wbem;C:\windows\System32\WindowsPowerShell\v1.0\;C:\windows\System32\OpenSSH\;C:\Program Files (x86)\NVIDIA Corporation\PhysX\Common;C:\MinGW\bin;C:\WINDOWS\system32;C:\WINDOWS;C:\WINDOWS\System32\Wbem;C:\WINDOWS\System32\WindowsPowerShell\v1.0\;C:\WINDOWS\System32\OpenSSH\;C:\Program Files\Docker\Docker\resources\bin;C:\Program Files\NVIDIA Corporation\Nsight Compute 2024.1.1\;C:\Program Files\dotnet\;C:\Program Files\nodejs\;C:\Program Files\Git\cmd;C:\ProgramData\chocolatey\bin;C:\ProgramData\chocolatey\lib\maven\apache-maven-3.9.12\bin;C:\Program Files\PostgreSQL\18\bin;C:\Program Files\NVIDIA Corporation\NVIDIA App\NvDLISR;C:\Program Files\Common Files\Oracle\Java\javapath;C:\Program Files\NVIDIA GPU Computing Toolkit\CUDA\v12.4\bin;C:\Program Files\NVIDIA GPU Computing Toolkit\CUDA\v12.4\libnvvp;C:\windows\system32;C:\windows;C:\windows\System32\Wbem;C:\windows\System32\WindowsPowerShell\v1.0\;C:\windows\System32\OpenSSH\;C:\Program Files (x86)\NVIDIA Corporation\PhysX\Common;C:\Program Files\NVIDIA Corporation\NVIDIA NvDLISR;C:\MinGW\bin;C:\WINDOWS\system32;C:\WINDOWS;C:\WINDOWS\System32\Wbem;C:\WINDOWS\System32\WindowsPowerShell\v1.0\;C:\WINDOWS\System32\OpenSSH\;C:\Program Files\HP\HP One Agent;C:\Program Files\Docker\Docker\resources\bin;C:\Program Files\NVIDIA Corporation\Nsight Compute 2024.1.1\;C:\Program Files\dotnet\;C:\Program Files\nodejs\;C:\Program Files\Git\cmd;C:\ProgramData\chocolatey\bin;C:\ProgramData\chocolatey\lib\maven\apache-maven-3.9.12\bin;C:\Users\Anshika Jain\AppData\Local\Programs\Python\Python310\Scripts\;C:\Users\Anshika Jain\AppData\Local\Programs\Python\Python310\;C:\Users\Anshika Jain\AppData\Lo;C:\Users\Anshika Jain\AppData\Local\Programs\Antigravity\bin
USERNAME=Anshika Jain
OS=Windows_NT
PROCESSOR_IDENTIFIER=AMD64 Family 25 Model 80 Stepping 0, AuthenticAMD
TMP=C:\Users\ANSHIK~1\AppData\Local\Temp
TEMP=C:\PROGRA~1\nodejs




Periodic native trim disabled

---------------  S Y S T E M  ---------------

OS:
 Windows 11 , 64 bit Build 26100 (10.0.26100.7872)
OS uptime: 5 days 4:34 hours
Hyper-V role detected

CPU: total 12 (initial active 12) (12 cores per cpu, 2 threads per core) family 25 model 80 stepping 0 microcode 0xa500014, cx8, cmov, fxsr, ht, mmx, 3dnowpref, sse, sse2, sse3, ssse3, sse4a, sse4.1, sse4.2, popcnt, lzcnt, tsc, tscinvbit, avx, avx2, aes, erms, clmul, bmi1, bmi2, adx, sha, fma, vzeroupper, clflush, clflushopt, hv, rdtscp, rdpid, fsrm, f16c, cet_ss
Processor Information for processor 0
  Max Mhz: 3301, Current Mhz: 1908, Mhz Limit: 3301
Processor Information for processor 1
  Max Mhz: 3301, Current Mhz: 1908, Mhz Limit: 3301
Processor Information for processor 2
  Max Mhz: 3301, Current Mhz: 1908, Mhz Limit: 3301
Processor Information for processor 3
  Max Mhz: 3301, Current Mhz: 1805, Mhz Limit: 3301
Processor Information for processor 4
  Max Mhz: 3301, Current Mhz: 1908, Mhz Limit: 3301
Processor Information for processor 5
  Max Mhz: 3301, Current Mhz: 1805, Mhz Limit: 3301
Processor Information for processor 6
  Max Mhz: 3301, Current Mhz: 1908, Mhz Limit: 3301
Processor Information for processor 7
  Max Mhz: 3301, Current Mhz: 1908, Mhz Limit: 3301
Processor Information for processor 8
  Max Mhz: 3301, Current Mhz: 1805, Mhz Limit: 3301
Processor Information for processor 9
  Max Mhz: 3301, Current Mhz: 1805, Mhz Limit: 3301
Processor Information for processor 10
  Max Mhz: 3301, Current Mhz: 1805, Mhz Limit: 3301
Processor Information for processor 11
  Max Mhz: 3301, Current Mhz: 1805, Mhz Limit: 3301

Memory: 4k page, system-wide physical 7521M (690M free)
TotalPageFile size 31073M (AvailPageFile size 5M)
current process WorkingSet (physical memory assigned to process): 8M, peak: 308M
current process commit charge ("private bytes"): 472M, peak: 495M

vm_info: OpenJDK 64-Bit Server VM (21.0.10+7-LTS) for windows-amd64 JRE (21.0.10+7-LTS), built on 2026-01-20T00:00:00Z by "admin" with MS VC++ 17.12 (VS2022)

END.
