#
# There is insufficient memory for the Java Runtime Environment to continue.
# Native memory allocation (malloc) failed to allocate 1956816 bytes. Error detail: Chunk::new
# Possible reasons:
#   The system is out of physical RAM or swap space
#   This process is running with CompressedOops enabled, and the Java Heap may be blocking the growth of the native heap
# Possible solutions:
#   Reduce memory load on the system
#   Increase physical memory or swap space
#   Check if swap backing store is full
#   Decrease Java heap size (-Xmx/-Xms)
#   Decrease number of Java threads
#   Decrease Java thread stack sizes (-Xss)
#   Set larger code cache with -XX:ReservedCodeCacheSize=
#   JVM is running with Unscaled Compressed Oops mode in which the Java heap is
#     placed in the first 4GB address space. The Java Heap base address is the
#     maximum limit for the native heap growth. Please use -XX:HeapBaseMinAddress
#     to set the Java Heap base and to place the Java Heap above 4GB virtual address.
# This output file may be truncated or incomplete.
#
#  Out of Memory Error (arena.cpp:168), pid=38684, tid=31136
#
# JRE version: OpenJDK Runtime Environment Temurin-21.0.9+10 (21.0.9+10) (build 21.0.9+10-LTS)
# Java VM: OpenJDK 64-Bit Server VM Temurin-21.0.9+10 (21.0.9+10-LTS, mixed mode, sharing, tiered, compressed oops, compressed class ptrs, parallel gc, windows-amd64)
# No core dump will be written. Minidumps are not enabled by default on client versions of Windows
#

---------------  S U M M A R Y ------------

Command Line: --add-modules=ALL-SYSTEM --add-opens=java.base/java.util=ALL-UNNAMED --add-opens=java.base/java.lang=ALL-UNNAMED --add-opens=java.base/sun.nio.fs=ALL-UNNAMED -Declipse.application=org.eclipse.jdt.ls.core.id1 -Dosgi.bundles.defaultStartLevel=4 -Declipse.product=org.eclipse.jdt.ls.core.product -Djava.import.generatesMetadataFilesAtProjectRoot=false -DDetectVMInstallationsJob.disabled=true -Dfile.encoding=utf8 -XX:+UseParallelGC -XX:GCTimeRatio=4 -XX:AdaptiveSizePolicyWeight=90 -Dsun.zip.disableMemoryMapping=true -Xmx2G -Xms100m -Xlog:disable -javaagent:c:\Users\Anshika Jain\.vscode\extensions\redhat.java-1.52.0-win32-x64\lombok\lombok-1.18.39-4050.jar -XX:+HeapDumpOnOutOfMemoryError -XX:HeapDumpPath=c:\Users\Anshika Jain\AppData\Roaming\Code\User\workspaceStorage\75d71e4b29dafd96ba6f02b4c6105d11\redhat.java -Daether.dependencyCollector.impl=bf c:\Users\Anshika Jain\.vscode\extensions\redhat.java-1.52.0-win32-x64\server\plugins\org.eclipse.equinox.launcher_1.7.100.v20251111-0406.jar -configuration c:\Users\Anshika Jain\AppData\Roaming\Code\User\globalStorage\redhat.java\1.52.0\config_win -data c:\Users\Anshika Jain\AppData\Roaming\Code\User\workspaceStorage\75d71e4b29dafd96ba6f02b4c6105d11\redhat.java\jdt_ws --pipe=\\.\pipe\lsp-7c7600d4900d95ca687b26cbfd62338a-sock

Host: AMD Ryzen 5 5600H with Radeon Graphics         , 12 cores, 7G,  Windows 11 , 64 bit Build 26100 (10.0.26100.7724)
Time: Fri Feb 13 10:38:23 2026 India Standard Time elapsed time: 105.999769 seconds (0d 0h 1m 45s)

---------------  T H R E A D  ---------------

Current thread (0x000001c3f0bd6720):  JavaThread "C2 CompilerThread0" daemon [_thread_in_native, id=31136, stack(0x0000001990e00000,0x0000001990f00000) (1024K)]


Current CompileTask:
C2:105999 11289 %     4       java.util.Properties::load0 @ 29 (249 bytes)

Stack: [0x0000001990e00000,0x0000001990f00000]
Native frames: (J=compiled Java code, j=interpreted, Vv=VM code, C=native code)
V  [jvm.dll+0x6d6e29]
V  [jvm.dll+0x8b4b76]
V  [jvm.dll+0x8b712e]
V  [jvm.dll+0x8b7813]
V  [jvm.dll+0x283d86]
V  [jvm.dll+0xc66ed]
V  [jvm.dll+0xc6c31]
V  [jvm.dll+0x3be501]
V  [jvm.dll+0x38ab92]
V  [jvm.dll+0x389fda]
V  [jvm.dll+0x24bfa0]
V  [jvm.dll+0x24b580]
V  [jvm.dll+0x1cb13e]
V  [jvm.dll+0x25b29d]
V  [jvm.dll+0x25982a]
V  [jvm.dll+0x3f7ea6]
V  [jvm.dll+0x85e9ad]
V  [jvm.dll+0x6d565d]
C  [ucrtbase.dll+0x37b0]
C  [KERNEL32.DLL+0x2e8d7]
C  [ntdll.dll+0x8c48c]


---------------  P R O C E S S  ---------------

Threads class SMR info:
_java_thread_list=0x000001c3fa385fa0, length=54, elements={
0x000001c397e1d140, 0x000001c397ec4400, 0x000001c397dcd490, 0x000001c397ed24f0,
0x000001c397ed3f30, 0x000001c397ed45c0, 0x000001c397ed2b80, 0x000001c3f0bd6720,
0x000001c3f0bd77c0, 0x000001c397ed3210, 0x000001c397ed1e60, 0x000001c397ed4c50,
0x000001c397ed38a0, 0x000001c397ed17d0, 0x000001c3f603f920, 0x000001c3f6040640,
0x000001c3f60419f0, 0x000001c3f603ffb0, 0x000001c3f603ec00, 0x000001c3f6042080,
0x000001c3f6042710, 0x000001c3f6040cd0, 0x000001c3f603f290, 0x000001c3f60447e0,
0x000001c3f6041360, 0x000001c3f6042da0, 0x000001c3f6046220, 0x000001c3f6044150,
0x000001c3f6045500, 0x000001c3f6043430, 0x000001c3f6043ac0, 0x000001c3f6044e70,
0x000001c3f6045b90, 0x000001c3f7145360, 0x000001c3f7143290, 0x000001c3f7144cd0,
0x000001c3f7142570, 0x000001c3f7141ee0, 0x000001c3f7143920, 0x000001c3f71459f0,
0x000001c3f7143fb0, 0x000001c3f7146080, 0x000001c3f7142c00, 0x000001c3f7148150,
0x000001c3f7146710, 0x000001c3f7147430, 0x000001c3f7146da0, 0x000001c3f7147ac0,
0x000001c3f7149500, 0x000001c3f71487e0, 0x000001c3f7148e70, 0x000001c3f86c90c0,
0x000001c3f81706d0, 0x000001c3f816f260
}

Java Threads: ( => current thread )
  0x000001c397e1d140 JavaThread "main"                              [_thread_blocked, id=10492, stack(0x0000001990400000,0x0000001990500000) (1024K)]
  0x000001c397ec4400 JavaThread "Reference Handler"          daemon [_thread_blocked, id=30728, stack(0x0000001990800000,0x0000001990900000) (1024K)]
  0x000001c397dcd490 JavaThread "Finalizer"                  daemon [_thread_blocked, id=21452, stack(0x0000001990900000,0x0000001990a00000) (1024K)]
  0x000001c397ed24f0 JavaThread "Signal Dispatcher"          daemon [_thread_blocked, id=28656, stack(0x0000001990a00000,0x0000001990b00000) (1024K)]
  0x000001c397ed3f30 JavaThread "Attach Listener"            daemon [_thread_in_vm, id=34792, stack(0x0000001990b00000,0x0000001990c00000) (1024K)]
  0x000001c397ed45c0 JavaThread "Service Thread"             daemon [_thread_blocked, id=36724, stack(0x0000001990c00000,0x0000001990d00000) (1024K)]
  0x000001c397ed2b80 JavaThread "Monitor Deflation Thread"   daemon [_thread_blocked, id=33768, stack(0x0000001990d00000,0x0000001990e00000) (1024K)]
=>0x000001c3f0bd6720 JavaThread "C2 CompilerThread0"         daemon [_thread_in_native, id=31136, stack(0x0000001990e00000,0x0000001990f00000) (1024K)]
  0x000001c3f0bd77c0 JavaThread "C1 CompilerThread0"         daemon [_thread_blocked, id=21712, stack(0x0000001990f00000,0x0000001991000000) (1024K)]
  0x000001c397ed3210 JavaThread "Common-Cleaner"             daemon [_thread_blocked, id=31540, stack(0x0000001991000000,0x0000001991100000) (1024K)]
  0x000001c397ed1e60 JavaThread "Notification Thread"        daemon [_thread_blocked, id=34912, stack(0x0000001991100000,0x0000001991200000) (1024K)]
  0x000001c397ed4c50 JavaThread "Active Thread: Equinox Container: c33d618e-5e52-45d6-abb7-5261967d770c"        [_thread_blocked, id=38016, stack(0x0000001991800000,0x0000001991900000) (1024K)]
  0x000001c397ed38a0 JavaThread "Refresh Thread: Equinox Container: c33d618e-5e52-45d6-abb7-5261967d770c" daemon [_thread_blocked, id=28464, stack(0x0000001991a00000,0x0000001991b00000) (1024K)]
  0x000001c397ed17d0 JavaThread "Framework Event Dispatcher: Equinox Container: c33d618e-5e52-45d6-abb7-5261967d770c" daemon [_thread_blocked, id=16992, stack(0x0000001991b00000,0x0000001991c00000) (1024K)]
  0x000001c3f603f920 JavaThread "Start Level: Equinox Container: c33d618e-5e52-45d6-abb7-5261967d770c" daemon [_thread_blocked, id=18924, stack(0x0000001991c00000,0x0000001991d00000) (1024K)]
  0x000001c3f6040640 JavaThread "Bundle File Closer"         daemon [_thread_blocked, id=22024, stack(0x0000001991f00000,0x0000001992000000) (1024K)]
  0x000001c3f60419f0 JavaThread "SCR Component Actor"        daemon [_thread_blocked, id=14900, stack(0x0000001990200000,0x0000001990300000) (1024K)]
  0x000001c3f603ffb0 JavaThread "Worker-JM"                         [_thread_blocked, id=9352, stack(0x0000001992000000,0x0000001992100000) (1024K)]
  0x000001c3f603ec00 JavaThread "JNA Cleaner"                daemon [_thread_blocked, id=11012, stack(0x0000001990300000,0x0000001990400000) (1024K)]
  0x000001c3f6042080 JavaThread "Worker-0"                          [_thread_blocked, id=34460, stack(0x0000001992200000,0x0000001992300000) (1024K)]
  0x000001c3f6042710 JavaThread "Worker-1: Initialize workspace"        [_thread_blocked, id=28968, stack(0x0000001992300000,0x0000001992400000) (1024K)]
  0x000001c3f6040cd0 JavaThread "Worker-2: Validate documents"        [_thread_blocked, id=29948, stack(0x0000001992400000,0x0000001992500000) (1024K)]
  0x000001c3f603f290 JavaThread "Java indexing"              daemon [_thread_blocked, id=34232, stack(0x0000001992500000,0x0000001992600000) (1024K)]
  0x000001c3f60447e0 JavaThread "Worker-3"                          [_thread_blocked, id=11484, stack(0x0000001992600000,0x0000001992700000) (1024K)]
  0x000001c3f6041360 JavaThread "Worker-4: Publish Diagnostics"        [_thread_blocked, id=3648, stack(0x0000001992900000,0x0000001992a00000) (1024K)]
  0x000001c3f6042da0 JavaThread "Thread-1"                   daemon [_thread_in_native, id=4412, stack(0x0000001992a00000,0x0000001992b00000) (1024K)]
  0x000001c3f6046220 JavaThread "Thread-2"                   daemon [_thread_in_native, id=34044, stack(0x0000001992b00000,0x0000001992c00000) (1024K)]
  0x000001c3f6044150 JavaThread "Thread-3"                   daemon [_thread_in_native, id=36360, stack(0x0000001992c00000,0x0000001992d00000) (1024K)]
  0x000001c3f6045500 JavaThread "Thread-4"                   daemon [_thread_in_native, id=2068, stack(0x0000001992d00000,0x0000001992e00000) (1024K)]
  0x000001c3f6043430 JavaThread "Thread-5"                   daemon [_thread_in_native, id=7648, stack(0x0000001992e00000,0x0000001992f00000) (1024K)]
  0x000001c3f6043ac0 JavaThread "Thread-6"                   daemon [_thread_in_native, id=31012, stack(0x0000001992f00000,0x0000001993000000) (1024K)]
  0x000001c3f6044e70 JavaThread "Thread-7"                   daemon [_thread_in_native, id=34372, stack(0x0000001993000000,0x0000001993100000) (1024K)]
  0x000001c3f6045b90 JavaThread "Thread-8"                   daemon [_thread_in_native, id=25560, stack(0x0000001993100000,0x0000001993200000) (1024K)]
  0x000001c3f7145360 JavaThread "Thread-9"                   daemon [_thread_in_native, id=34488, stack(0x0000001993200000,0x0000001993300000) (1024K)]
  0x000001c3f7143290 JavaThread "Thread-10"                  daemon [_thread_in_native, id=32120, stack(0x0000001993300000,0x0000001993400000) (1024K)]
  0x000001c3f7144cd0 JavaThread "Thread-11"                  daemon [_thread_in_native, id=8796, stack(0x0000001993400000,0x0000001993500000) (1024K)]
  0x000001c3f7142570 JavaThread "Thread-12"                  daemon [_thread_in_native, id=33896, stack(0x0000001993500000,0x0000001993600000) (1024K)]
  0x000001c3f7141ee0 JavaThread "Thread-13"                  daemon [_thread_in_native, id=7968, stack(0x0000001993600000,0x0000001993700000) (1024K)]
  0x000001c3f7143920 JavaThread "pool-2-thread-1"                   [_thread_blocked, id=4980, stack(0x0000001993700000,0x0000001993800000) (1024K)]
  0x000001c3f71459f0 JavaThread "WorkspaceEventsHandler"            [_thread_blocked, id=29316, stack(0x0000001993a00000,0x0000001993b00000) (1024K)]
  0x000001c3f7143fb0 JavaThread "pool-1-thread-1"                   [_thread_blocked, id=29236, stack(0x0000001993b00000,0x0000001993c00000) (1024K)]
  0x000001c3f7146080 JavaThread "ForkJoinPool.commonPool-worker-1" daemon [_thread_blocked, id=38820, stack(0x0000001993c00000,0x0000001993d00000) (1024K)]
  0x000001c3f7142c00 JavaThread "ForkJoinPool.commonPool-worker-2" daemon [_thread_blocked, id=10568, stack(0x0000001993d00000,0x0000001993e00000) (1024K)]
  0x000001c3f7148150 JavaThread "ForkJoinPool.commonPool-worker-3" daemon [_thread_blocked, id=36912, stack(0x0000001993e00000,0x0000001993f00000) (1024K)]
  0x000001c3f7146710 JavaThread "ForkJoinPool.commonPool-worker-4" daemon [_thread_blocked, id=38040, stack(0x0000001993f00000,0x0000001994000000) (1024K)]
  0x000001c3f7147430 JavaThread "ForkJoinPool.commonPool-worker-5" daemon [_thread_blocked, id=20340, stack(0x0000001994000000,0x0000001994100000) (1024K)]
  0x000001c3f7146da0 JavaThread "ForkJoinPool.commonPool-worker-6" daemon [_thread_blocked, id=7468, stack(0x0000001994100000,0x0000001994200000) (1024K)]
  0x000001c3f7147ac0 JavaThread "ForkJoinPool.commonPool-worker-7" daemon [_thread_blocked, id=34448, stack(0x0000001994200000,0x0000001994300000) (1024K)]
  0x000001c3f7149500 JavaThread "ForkJoinPool.commonPool-worker-8" daemon [_thread_blocked, id=38388, stack(0x0000001994300000,0x0000001994400000) (1024K)]
  0x000001c3f71487e0 JavaThread "ForkJoinPool.commonPool-worker-9" daemon [_thread_blocked, id=3064, stack(0x0000001994400000,0x0000001994500000) (1024K)]
  0x000001c3f7148e70 JavaThread "ForkJoinPool.commonPool-worker-10" daemon [_thread_blocked, id=5296, stack(0x0000001994500000,0x0000001994600000) (1024K)]
  0x000001c3f86c90c0 JavaThread "ForkJoinPool.commonPool-worker-11" daemon [_thread_blocked, id=33464, stack(0x0000001994600000,0x0000001994700000) (1024K)]
  0x000001c3f81706d0 JavaThread "C2 CompilerThread1"         daemon [_thread_in_native, id=9572, stack(0x0000001994c00000,0x0000001994d00000) (1024K)]
  0x000001c3f816f260 JavaThread "C2 CompilerThread2"         daemon [_thread_blocked, id=10796, stack(0x0000001992100000,0x0000001992200000) (1024K)]
Total: 54

Other Threads:
  0x000001c3f0bd10a0 VMThread "VM Thread"                           [id=27848, stack(0x0000001990700000,0x0000001990800000) (1024K)] _threads_hazard_ptr=0x000001c3fa385fa0
  0x000001c397caca10 WatcherThread "VM Periodic Task Thread"        [id=36956, stack(0x0000001990600000,0x0000001990700000) (1024K)]
  0x000001c397e3c4b0 WorkerThread "GC Thread#0"                     [id=37192, stack(0x0000001990500000,0x0000001990600000) (1024K)]
  0x000001c3f652c910 WorkerThread "GC Thread#1"                     [id=11380, stack(0x0000001991200000,0x0000001991300000) (1024K)]
  0x000001c3f0f45ac0 WorkerThread "GC Thread#2"                     [id=33612, stack(0x0000001991300000,0x0000001991400000) (1024K)]
  0x000001c3f0f45e60 WorkerThread "GC Thread#3"                     [id=8508, stack(0x0000001991400000,0x0000001991500000) (1024K)]
  0x000001c3f662f010 WorkerThread "GC Thread#4"                     [id=6616, stack(0x0000001991500000,0x0000001991600000) (1024K)]
  0x000001c3f662f3b0 WorkerThread "GC Thread#5"                     [id=10124, stack(0x0000001991600000,0x0000001991700000) (1024K)]
  0x000001c3f662f750 WorkerThread "GC Thread#6"                     [id=36136, stack(0x0000001991700000,0x0000001991800000) (1024K)]
  0x000001c3f0fa1160 WorkerThread "GC Thread#7"                     [id=37000, stack(0x0000001991900000,0x0000001991a00000) (1024K)]
  0x000001c3f0fa18a0 WorkerThread "GC Thread#8"                     [id=18004, stack(0x0000001991d00000,0x0000001991e00000) (1024K)]
  0x000001c3f0fa2380 WorkerThread "GC Thread#9"                     [id=32100, stack(0x0000001991e00000,0x0000001991f00000) (1024K)]
Total: 12

Threads with active compile tasks:
C2 CompilerThread0  107109 11289 %     4       java.util.Properties::load0 @ 29 (249 bytes)
C1 CompilerThread0  107109 11399       3       org.eclipse.aether.named.support.NamedLockSupport::<init> (48 bytes)
C2 CompilerThread1  107110 11328       4       org.apache.maven.model.interpolation.StringVisitorModelInterpolator$ModelVisitor::visit (231 bytes)
C2 CompilerThread2  107110 11360       4       org.eclipse.osgi.internal.container.KeyBasedLockStore::getLock (105 bytes)
Total: 4

VM state: synchronizing (normal execution)

VM Mutex/Monitor currently owned by a thread:  ([mutex/lock_event])
[0x00007ffce7c4d570] Threads_lock - owner thread: 0x000001c3f0bd10a0

Heap address: 0x0000000080000000, size: 2048 MB, Compressed Oops mode: 32-bit

CDS archive(s) mapped at: [0x000001c3af000000-0x000001c3afba0000-0x000001c3afba0000), size 12189696, SharedBaseAddress: 0x000001c3af000000, ArchiveRelocationMode: 1.
Compressed class space mapped at: 0x000001c3b0000000-0x000001c3f0000000, reserved size: 1073741824
Narrow klass base: 0x000001c3af000000, Narrow klass shift: 0, Narrow klass range: 0x100000000

GC Precious Log:
 CardTable entry size: 512
 CPUs: 12 total, 12 available
 Memory: 7521M
 Large Page Support: Disabled
 NUMA Support: Disabled
 Compressed Oops: Enabled (32-bit)
 Alignments: Space 512K, Generation 512K, Heap 2M
 Heap Min Capacity: 100M
 Heap Initial Capacity: 100M
 Heap Max Capacity: 2G
 Pre-touch: Disabled
 Parallel Workers: 10

Heap:
 PSYoungGen      total 12800K, used 10429K [0x00000000d5580000, 0x00000000d6480000, 0x0000000100000000)
  eden space 11776K, 80% used [0x00000000d5580000,0x00000000d5eb7710,0x00000000d6100000)
  from space 1024K, 96% used [0x00000000d6280000,0x00000000d6378000,0x00000000d6380000)
  to   space 1536K, 0% used [0x00000000d6100000,0x00000000d6100000,0x00000000d6280000)
 ParOldGen       total 68608K, used 64224K [0x0000000080000000, 0x0000000084300000, 0x00000000d5580000)
  object space 68608K, 93% used [0x0000000080000000,0x0000000083eb81b8,0x0000000084300000)
 Metaspace       used 64265K, committed 65792K, reserved 1114112K
  class space    used 6870K, committed 7552K, reserved 1048576K

Card table byte_map: [0x000001c3977c0000,0x000001c397bd0000] _byte_map_base: 0x000001c3973c0000

Marking Bits: (ParMarkBitMap*) 0x00007ffce7c52460
 Begin Bits: [0x000001c3aa2d0000, 0x000001c3ac2d0000)
 End Bits:   [0x000001c3ac2d0000, 0x000001c3ae2d0000)

Polling page: 0x000001c395bb0000

Metaspace:

Usage:
  Non-class:     56.05 MB used.
      Class:      6.71 MB used.
       Both:     62.76 MB used.

Virtual space:
  Non-class space:       64.00 MB reserved,      56.88 MB ( 89%) committed,  1 nodes.
      Class space:        1.00 GB reserved,       7.38 MB ( <1%) committed,  1 nodes.
             Both:        1.06 GB reserved,      64.25 MB (  6%) committed. 

Chunk freelists:
   Non-Class:  6.78 MB
       Class:  8.48 MB
        Both:  15.27 MB

MaxMetaspaceSize: unlimited
CompressedClassSpaceSize: 1.00 GB
Initial GC threshold: 21.00 MB
Current GC threshold: 98.12 MB
CDS: on
 - commit_granule_bytes: 65536.
 - commit_granule_words: 8192.
 - virtual_space_node_default_size: 8388608.
 - enlarge_chunks_in_place: 1.
 - use_allocation_guard: 0.


Internal statistics:

num_allocs_failed_limit: 13.
num_arena_births: 1162.
num_arena_deaths: 14.
num_vsnodes_births: 2.
num_vsnodes_deaths: 0.
num_space_committed: 1028.
num_space_uncommitted: 0.
num_chunks_returned_to_freelist: 27.
num_chunks_taken_from_freelist: 4019.
num_chunk_merges: 10.
num_chunk_splits: 2427.
num_chunks_enlarged: 1330.
num_inconsistent_stats: 0.

CodeHeap 'non-profiled nmethods': size=120000Kb used=6525Kb max_used=6525Kb free=113474Kb
 bounds [0x000001c3a2af0000, 0x000001c3a3150000, 0x000001c3aa020000]
CodeHeap 'profiled nmethods': size=120000Kb used=23629Kb max_used=23629Kb free=96370Kb
 bounds [0x000001c39b020000, 0x000001c39c740000, 0x000001c3a2550000]
CodeHeap 'non-nmethods': size=5760Kb used=1442Kb max_used=1497Kb free=4317Kb
 bounds [0x000001c3a2550000, 0x000001c3a27c0000, 0x000001c3a2af0000]
CodeCache: size=245760Kb, used=31596Kb, max_used=31651Kb, free=214161Kb
 total_blobs=11229, nmethods=10476, adapters=659, full_count=0
Compilation: enabled, stopped_count=0, restarted_count=0

Compilation events (20 events):
Event: 105.020 Thread 0x000001c3f0bd77c0 11341       3       sun.nio.ch.FileLockTable::<init> (29 bytes)
Event: 105.021 Thread 0x000001c3f0bd77c0 nmethod 11341 0x000001c39c715b10 code [0x000001c39c715d20, 0x000001c39c716418]
Event: 105.021 Thread 0x000001c3f0bd77c0 11342       3       sun.nio.ch.FileKey::create (15 bytes)
Event: 105.021 Thread 0x000001c3f0bd77c0 nmethod 11342 0x000001c39c716710 code [0x000001c39c7168c0, 0x000001c39c716b10]
Event: 105.021 Thread 0x000001c3f0bd77c0 11343       3       sun.nio.ch.FileKey::<init> (5 bytes)
Event: 105.021 Thread 0x000001c3f0bd77c0 nmethod 11343 0x000001c39c716c10 code [0x000001c39c716dc0, 0x000001c39c716f28]
Event: 105.312 Thread 0x000001c3f0bd77c0 11344       3       sun.nio.ch.FileLockTable$FileLockReference::<init> (12 bytes)
Event: 105.313 Thread 0x000001c3f0bd77c0 nmethod 11344 0x000001c39c717010 code [0x000001c39c7171c0, 0x000001c39c717488]
Event: 105.318 Thread 0x000001c3f0bd77c0 11345   !   3       sun.nio.ch.FileLockTable::removeStaleEntries (71 bytes)
Event: 105.319 Thread 0x000001c3f0bd77c0 nmethod 11345 0x000001c39c717590 code [0x000001c39c7177a0, 0x000001c39c717f68]
Event: 105.344 Thread 0x000001c3f0bd77c0 11346       3       org.apache.maven.model.merge.ModelMerger::mergeDeploymentRepository (19 bytes)
Event: 105.344 Thread 0x000001c3f0bd77c0 nmethod 11346 0x000001c39c718210 code [0x000001c39c718400, 0x000001c39c718930]
Event: 105.344 Thread 0x000001c3f0bd77c0 11347       3       org.apache.maven.model.merge.ModelMerger::mergeRepository (28 bytes)
Event: 105.345 Thread 0x000001c3f0bd77c0 nmethod 11347 0x000001c39c718b10 code [0x000001c39c718ce0, 0x000001c39c719078]
Event: 105.348 Thread 0x000001c3f0bd77c0 11348       1       org.apache.maven.model.DistributionManagement::getRelocation (5 bytes)
Event: 105.348 Thread 0x000001c3f0bd77c0 nmethod 11348 0x000001c3a314d290 code [0x000001c3a314d420, 0x000001c3a314d4e8]
Event: 105.348 Thread 0x000001c3f0bd77c0 11349       3       org.eclipse.aether.util.artifact.ArtifactIdUtils::toVersionlessId (36 bytes)
Event: 105.349 Thread 0x000001c3f0bd77c0 nmethod 11349 0x000001c39c719190 code [0x000001c39c719380, 0x000001c39c719858]
Event: 105.349 Thread 0x000001c3f0bd77c0 11350       3       org.eclipse.aether.util.artifact.ArtifactIdUtils::toVersionlessId (11 bytes)
Event: 105.349 Thread 0x000001c3f0bd77c0 nmethod 11350 0x000001c39c719b10 code [0x000001c39c719ce0, 0x000001c39c719f78]

GC Heap History (20 events):
Event: 99.923 GC heap before
{Heap before GC invocations=62 (full 3):
 PSYoungGen      total 12800K, used 12736K [0x00000000d5580000, 0x00000000d6400000, 0x0000000100000000)
  eden space 12288K, 100% used [0x00000000d5580000,0x00000000d6180000,0x00000000d6180000)
  from space 512K, 87% used [0x00000000d6380000,0x00000000d63f0000,0x00000000d6400000)
  to   space 512K, 0% used [0x00000000d6300000,0x00000000d6300000,0x00000000d6380000)
 ParOldGen       total 68608K, used 57174K [0x0000000080000000, 0x0000000084300000, 0x00000000d5580000)
  object space 68608K, 83% used [0x0000000080000000,0x00000000837d5a80,0x0000000084300000)
 Metaspace       used 63356K, committed 64896K, reserved 1114112K
  class space    used 6813K, committed 7488K, reserved 1048576K
}
Event: 99.927 GC heap after
{Heap after GC invocations=62 (full 3):
 PSYoungGen      total 12800K, used 512K [0x00000000d5580000, 0x00000000d6680000, 0x0000000100000000)
  eden space 12288K, 0% used [0x00000000d5580000,0x00000000d5580000,0x00000000d6180000)
  from space 512K, 100% used [0x00000000d6300000,0x00000000d6380000,0x00000000d6380000)
  to   space 2560K, 0% used [0x00000000d6400000,0x00000000d6400000,0x00000000d6680000)
 ParOldGen       total 68608K, used 58524K [0x0000000080000000, 0x0000000084300000, 0x00000000d5580000)
  object space 68608K, 85% used [0x0000000080000000,0x0000000083927198,0x0000000084300000)
 Metaspace       used 63356K, committed 64896K, reserved 1114112K
  class space    used 6813K, committed 7488K, reserved 1048576K
}
Event: 100.227 GC heap before
{Heap before GC invocations=63 (full 3):
 PSYoungGen      total 12800K, used 12800K [0x00000000d5580000, 0x00000000d6680000, 0x0000000100000000)
  eden space 12288K, 100% used [0x00000000d5580000,0x00000000d6180000,0x00000000d6180000)
  from space 512K, 100% used [0x00000000d6300000,0x00000000d6380000,0x00000000d6380000)
  to   space 2560K, 0% used [0x00000000d6400000,0x00000000d6400000,0x00000000d6680000)
 ParOldGen       total 68608K, used 58524K [0x0000000080000000, 0x0000000084300000, 0x00000000d5580000)
  object space 68608K, 85% used [0x0000000080000000,0x0000000083927198,0x0000000084300000)
 Metaspace       used 63555K, committed 65024K, reserved 1114112K
  class space    used 6828K, committed 7488K, reserved 1048576K
}
Event: 100.231 GC heap after
{Heap after GC invocations=63 (full 3):
 PSYoungGen      total 13824K, used 1184K [0x00000000d5580000, 0x00000000d6580000, 0x0000000100000000)
  eden space 12288K, 0% used [0x00000000d5580000,0x00000000d5580000,0x00000000d6180000)
  from space 1536K, 77% used [0x00000000d6400000,0x00000000d6528000,0x00000000d6580000)
  to   space 1536K, 0% used [0x00000000d6280000,0x00000000d6280000,0x00000000d6400000)
 ParOldGen       total 68608K, used 59004K [0x0000000080000000, 0x0000000084300000, 0x00000000d5580000)
  object space 68608K, 86% used [0x0000000080000000,0x000000008399f0d0,0x0000000084300000)
 Metaspace       used 63555K, committed 65024K, reserved 1114112K
  class space    used 6828K, committed 7488K, reserved 1048576K
}
Event: 100.460 GC heap before
{Heap before GC invocations=64 (full 3):
 PSYoungGen      total 13824K, used 13472K [0x00000000d5580000, 0x00000000d6580000, 0x0000000100000000)
  eden space 12288K, 100% used [0x00000000d5580000,0x00000000d6180000,0x00000000d6180000)
  from space 1536K, 77% used [0x00000000d6400000,0x00000000d6528000,0x00000000d6580000)
  to   space 1536K, 0% used [0x00000000d6280000,0x00000000d6280000,0x00000000d6400000)
 ParOldGen       total 68608K, used 59004K [0x0000000080000000, 0x0000000084300000, 0x00000000d5580000)
  object space 68608K, 86% used [0x0000000080000000,0x000000008399f0d0,0x0000000084300000)
 Metaspace       used 63734K, committed 65280K, reserved 1114112K
  class space    used 6864K, committed 7552K, reserved 1048576K
}
Event: 100.464 GC heap after
{Heap after GC invocations=64 (full 3):
 PSYoungGen      total 13824K, used 1172K [0x00000000d5580000, 0x00000000d6480000, 0x0000000100000000)
  eden space 12288K, 0% used [0x00000000d5580000,0x00000000d5580000,0x00000000d6180000)
  from space 1536K, 76% used [0x00000000d6280000,0x00000000d63a5180,0x00000000d6400000)
  to   space 512K, 0% used [0x00000000d6400000,0x00000000d6400000,0x00000000d6480000)
 ParOldGen       total 68608K, used 59625K [0x0000000080000000, 0x0000000084300000, 0x00000000d5580000)
  object space 68608K, 86% used [0x0000000080000000,0x0000000083a3a7c8,0x0000000084300000)
 Metaspace       used 63734K, committed 65280K, reserved 1114112K
  class space    used 6864K, committed 7552K, reserved 1048576K
}
Event: 100.765 GC heap before
{Heap before GC invocations=65 (full 3):
 PSYoungGen      total 13824K, used 13460K [0x00000000d5580000, 0x00000000d6480000, 0x0000000100000000)
  eden space 12288K, 100% used [0x00000000d5580000,0x00000000d6180000,0x00000000d6180000)
  from space 1536K, 76% used [0x00000000d6280000,0x00000000d63a5180,0x00000000d6400000)
  to   space 512K, 0% used [0x00000000d6400000,0x00000000d6400000,0x00000000d6480000)
 ParOldGen       total 68608K, used 59625K [0x0000000080000000, 0x0000000084300000, 0x00000000d5580000)
  object space 68608K, 86% used [0x0000000080000000,0x0000000083a3a7c8,0x0000000084300000)
 Metaspace       used 63763K, committed 65280K, reserved 1114112K
  class space    used 6864K, committed 7552K, reserved 1048576K
}
Event: 100.772 GC heap after
{Heap after GC invocations=65 (full 3):
 PSYoungGen      total 12800K, used 488K [0x00000000d5580000, 0x00000000d6580000, 0x0000000100000000)
  eden space 12288K, 0% used [0x00000000d5580000,0x00000000d5580000,0x00000000d6180000)
  from space 512K, 95% used [0x00000000d6400000,0x00000000d647a0f8,0x00000000d6480000)
  to   space 2048K, 0% used [0x00000000d6180000,0x00000000d6180000,0x00000000d6380000)
 ParOldGen       total 68608K, used 60636K [0x0000000080000000, 0x0000000084300000, 0x00000000d5580000)
  object space 68608K, 88% used [0x0000000080000000,0x0000000083b37188,0x0000000084300000)
 Metaspace       used 63763K, committed 65280K, reserved 1114112K
  class space    used 6864K, committed 7552K, reserved 1048576K
}
Event: 101.308 GC heap before
{Heap before GC invocations=66 (full 3):
 PSYoungGen      total 12800K, used 12776K [0x00000000d5580000, 0x00000000d6580000, 0x0000000100000000)
  eden space 12288K, 100% used [0x00000000d5580000,0x00000000d6180000,0x00000000d6180000)
  from space 512K, 95% used [0x00000000d6400000,0x00000000d647a0f8,0x00000000d6480000)
  to   space 2048K, 0% used [0x00000000d6180000,0x00000000d6180000,0x00000000d6380000)
 ParOldGen       total 68608K, used 60636K [0x0000000080000000, 0x0000000084300000, 0x00000000d5580000)
  object space 68608K, 88% used [0x0000000080000000,0x0000000083b37188,0x0000000084300000)
 Metaspace       used 63844K, committed 65408K, reserved 1114112K
  class space    used 6865K, committed 7552K, reserved 1048576K
}
Event: 101.311 GC heap after
{Heap after GC invocations=66 (full 3):
 PSYoungGen      total 14336K, used 1888K [0x00000000d5580000, 0x00000000d6580000, 0x0000000100000000)
  eden space 12288K, 0% used [0x00000000d5580000,0x00000000d5580000,0x00000000d6180000)
  from space 2048K, 92% used [0x00000000d6180000,0x00000000d6358000,0x00000000d6380000)
  to   space 2048K, 0% used [0x00000000d6380000,0x00000000d6380000,0x00000000d6580000)
 ParOldGen       total 68608K, used 61042K [0x0000000080000000, 0x0000000084300000, 0x00000000d5580000)
  object space 68608K, 88% used [0x0000000080000000,0x0000000083b9c848,0x0000000084300000)
 Metaspace       used 63844K, committed 65408K, reserved 1114112K
  class space    used 6865K, committed 7552K, reserved 1048576K
}
Event: 102.255 GC heap before
{Heap before GC invocations=67 (full 3):
 PSYoungGen      total 14336K, used 14167K [0x00000000d5580000, 0x00000000d6580000, 0x0000000100000000)
  eden space 12288K, 99% used [0x00000000d5580000,0x00000000d617dca8,0x00000000d6180000)
  from space 2048K, 92% used [0x00000000d6180000,0x00000000d6358000,0x00000000d6380000)
  to   space 2048K, 0% used [0x00000000d6380000,0x00000000d6380000,0x00000000d6580000)
 ParOldGen       total 68608K, used 61042K [0x0000000080000000, 0x0000000084300000, 0x00000000d5580000)
  object space 68608K, 88% used [0x0000000080000000,0x0000000083b9c848,0x0000000084300000)
 Metaspace       used 64032K, committed 65536K, reserved 1114112K
  class space    used 6867K, committed 7552K, reserved 1048576K
}
Event: 102.258 GC heap after
{Heap after GC invocations=67 (full 3):
 PSYoungGen      total 13312K, used 688K [0x00000000d5580000, 0x00000000d6480000, 0x0000000100000000)
  eden space 12288K, 0% used [0x00000000d5580000,0x00000000d5580000,0x00000000d6180000)
  from space 1024K, 67% used [0x00000000d6380000,0x00000000d642c010,0x00000000d6480000)
  to   space 1536K, 0% used [0x00000000d6180000,0x00000000d6180000,0x00000000d6300000)
 ParOldGen       total 68608K, used 62138K [0x0000000080000000, 0x0000000084300000, 0x00000000d5580000)
  object space 68608K, 90% used [0x0000000080000000,0x0000000083cae848,0x0000000084300000)
 Metaspace       used 64032K, committed 65536K, reserved 1114112K
  class space    used 6867K, committed 7552K, reserved 1048576K
}
Event: 102.688 GC heap before
{Heap before GC invocations=68 (full 3):
 PSYoungGen      total 13312K, used 12966K [0x00000000d5580000, 0x00000000d6480000, 0x0000000100000000)
  eden space 12288K, 99% used [0x00000000d5580000,0x00000000d617d9c8,0x00000000d6180000)
  from space 1024K, 67% used [0x00000000d6380000,0x00000000d642c010,0x00000000d6480000)
  to   space 1536K, 0% used [0x00000000d6180000,0x00000000d6180000,0x00000000d6300000)
 ParOldGen       total 68608K, used 62138K [0x0000000080000000, 0x0000000084300000, 0x00000000d5580000)
  object space 68608K, 90% used [0x0000000080000000,0x0000000083cae848,0x0000000084300000)
 Metaspace       used 64112K, committed 65664K, reserved 1114112K
  class space    used 6867K, committed 7552K, reserved 1048576K
}
Event: 102.691 GC heap after
{Heap after GC invocations=68 (full 3):
 PSYoungGen      total 13824K, used 767K [0x00000000d5580000, 0x00000000d6400000, 0x0000000100000000)
  eden space 12288K, 0% used [0x00000000d5580000,0x00000000d5580000,0x00000000d6180000)
  from space 1536K, 49% used [0x00000000d6180000,0x00000000d623fcc8,0x00000000d6300000)
  to   space 1024K, 0% used [0x00000000d6300000,0x00000000d6300000,0x00000000d6400000)
 ParOldGen       total 68608K, used 62650K [0x0000000080000000, 0x0000000084300000, 0x00000000d5580000)
  object space 68608K, 91% used [0x0000000080000000,0x0000000083d2e848,0x0000000084300000)
 Metaspace       used 64112K, committed 65664K, reserved 1114112K
  class space    used 6867K, committed 7552K, reserved 1048576K
}
Event: 102.921 GC heap before
{Heap before GC invocations=69 (full 3):
 PSYoungGen      total 13824K, used 13055K [0x00000000d5580000, 0x00000000d6400000, 0x0000000100000000)
  eden space 12288K, 100% used [0x00000000d5580000,0x00000000d6180000,0x00000000d6180000)
  from space 1536K, 49% used [0x00000000d6180000,0x00000000d623fcc8,0x00000000d6300000)
  to   space 1024K, 0% used [0x00000000d6300000,0x00000000d6300000,0x00000000d6400000)
 ParOldGen       total 68608K, used 62650K [0x0000000080000000, 0x0000000084300000, 0x00000000d5580000)
  object space 68608K, 91% used [0x0000000080000000,0x0000000083d2e848,0x0000000084300000)
 Metaspace       used 64117K, committed 65664K, reserved 1114112K
  class space    used 6867K, committed 7552K, reserved 1048576K
}
Event: 102.926 GC heap after
{Heap after GC invocations=69 (full 3):
 PSYoungGen      total 13312K, used 1018K [0x00000000d5580000, 0x00000000d6480000, 0x0000000100000000)
  eden space 12288K, 0% used [0x00000000d5580000,0x00000000d5580000,0x00000000d6180000)
  from space 1024K, 99% used [0x00000000d6300000,0x00000000d63fe938,0x00000000d6400000)
  to   space 1536K, 0% used [0x00000000d6180000,0x00000000d6180000,0x00000000d6300000)
 ParOldGen       total 68608K, used 63154K [0x0000000080000000, 0x0000000084300000, 0x00000000d5580000)
  object space 68608K, 92% used [0x0000000080000000,0x0000000083dac960,0x0000000084300000)
 Metaspace       used 64117K, committed 65664K, reserved 1114112K
  class space    used 6867K, committed 7552K, reserved 1048576K
}
Event: 103.101 GC heap before
{Heap before GC invocations=70 (full 3):
 PSYoungGen      total 13312K, used 13306K [0x00000000d5580000, 0x00000000d6480000, 0x0000000100000000)
  eden space 12288K, 100% used [0x00000000d5580000,0x00000000d6180000,0x00000000d6180000)
  from space 1024K, 99% used [0x00000000d6300000,0x00000000d63fe938,0x00000000d6400000)
  to   space 1536K, 0% used [0x00000000d6180000,0x00000000d6180000,0x00000000d6300000)
 ParOldGen       total 68608K, used 63154K [0x0000000080000000, 0x0000000084300000, 0x00000000d5580000)
  object space 68608K, 92% used [0x0000000080000000,0x0000000083dac960,0x0000000084300000)
 Metaspace       used 64162K, committed 65664K, reserved 1114112K
  class space    used 6867K, committed 7552K, reserved 1048576K
}
Event: 103.104 GC heap after
{Heap after GC invocations=70 (full 3):
 PSYoungGen      total 13312K, used 670K [0x00000000d5580000, 0x00000000d6380000, 0x0000000100000000)
  eden space 12288K, 0% used [0x00000000d5580000,0x00000000d5580000,0x00000000d6180000)
  from space 1024K, 65% used [0x00000000d6180000,0x00000000d6227ac8,0x00000000d6280000)
  to   space 1024K, 0% used [0x00000000d6280000,0x00000000d6280000,0x00000000d6380000)
 ParOldGen       total 68608K, used 63913K [0x0000000080000000, 0x0000000084300000, 0x00000000d5580000)
  object space 68608K, 93% used [0x0000000080000000,0x0000000083e6a6f0,0x0000000084300000)
 Metaspace       used 64162K, committed 65664K, reserved 1114112K
  class space    used 6867K, committed 7552K, reserved 1048576K
}
Event: 103.892 GC heap before
{Heap before GC invocations=71 (full 3):
 PSYoungGen      total 13312K, used 12943K [0x00000000d5580000, 0x00000000d6380000, 0x0000000100000000)
  eden space 12288K, 99% used [0x00000000d5580000,0x00000000d617c460,0x00000000d6180000)
  from space 1024K, 65% used [0x00000000d6180000,0x00000000d6227ac8,0x00000000d6280000)
  to   space 1024K, 0% used [0x00000000d6280000,0x00000000d6280000,0x00000000d6380000)
 ParOldGen       total 68608K, used 63913K [0x0000000080000000, 0x0000000084300000, 0x00000000d5580000)
  object space 68608K, 93% used [0x0000000080000000,0x0000000083e6a6f0,0x0000000084300000)
 Metaspace       used 64212K, committed 65728K, reserved 1114112K
  class space    used 6867K, committed 7552K, reserved 1048576K
}
Event: 103.894 GC heap after
{Heap after GC invocations=71 (full 3):
 PSYoungGen      total 12800K, used 992K [0x00000000d5580000, 0x00000000d6480000, 0x0000000100000000)
  eden space 11776K, 0% used [0x00000000d5580000,0x00000000d5580000,0x00000000d6100000)
  from space 1024K, 96% used [0x00000000d6280000,0x00000000d6378000,0x00000000d6380000)
  to   space 1536K, 0% used [0x00000000d6100000,0x00000000d6100000,0x00000000d6280000)
 ParOldGen       total 68608K, used 64224K [0x0000000080000000, 0x0000000084300000, 0x00000000d5580000)
  object space 68608K, 93% used [0x0000000080000000,0x0000000083eb81b8,0x0000000084300000)
 Metaspace       used 64212K, committed 65728K, reserved 1114112K
  class space    used 6867K, committed 7552K, reserved 1048576K
}

Dll operation events (12 events):
Event: 0.353 Loaded shared library c:\Users\Anshika Jain\.vscode\extensions\redhat.java-1.52.0-win32-x64\jre\21.0.9-win32-x86_64\bin\java.dll
Event: 0.476 Loaded shared library c:\Users\Anshika Jain\.vscode\extensions\redhat.java-1.52.0-win32-x64\jre\21.0.9-win32-x86_64\bin\zip.dll
Event: 0.520 Loaded shared library C:\Users\Anshika Jain\.vscode\extensions\redhat.java-1.52.0-win32-x64\jre\21.0.9-win32-x86_64\bin\instrument.dll
Event: 0.685 Loaded shared library C:\Users\Anshika Jain\.vscode\extensions\redhat.java-1.52.0-win32-x64\jre\21.0.9-win32-x86_64\bin\net.dll
Event: 0.822 Loaded shared library C:\Users\Anshika Jain\.vscode\extensions\redhat.java-1.52.0-win32-x64\jre\21.0.9-win32-x86_64\bin\nio.dll
Event: 0.835 Loaded shared library C:\Users\Anshika Jain\.vscode\extensions\redhat.java-1.52.0-win32-x64\jre\21.0.9-win32-x86_64\bin\zip.dll
Event: 0.890 Loaded shared library C:\Users\Anshika Jain\.vscode\extensions\redhat.java-1.52.0-win32-x64\jre\21.0.9-win32-x86_64\bin\jimage.dll
Event: 1.252 Loaded shared library c:\Users\Anshika Jain\.vscode\extensions\redhat.java-1.52.0-win32-x64\jre\21.0.9-win32-x86_64\bin\verify.dll
Event: 36.845 Loaded shared library C:\Users\Anshika Jain\AppData\Roaming\Code\User\globalStorage\redhat.java\1.52.0\config_win\org.eclipse.equinox.launcher\org.eclipse.equinox.launcher.win32.win32.x86_64_1.2.1500.v20260121-1430\eclipse_11919.dll
Event: 72.496 Loaded shared library C:\Users\Anshika Jain\AppData\Local\Temp\jna-1177354783\jna14733239931070228917.dll
Event: 76.651 Loaded shared library C:\Users\Anshika Jain\.vscode\extensions\redhat.java-1.52.0-win32-x64\jre\21.0.9-win32-x86_64\bin\sunmscapi.dll
Event: 78.000 Loaded shared library C:\Users\Anshika Jain\.vscode\extensions\redhat.java-1.52.0-win32-x64\jre\21.0.9-win32-x86_64\bin\extnet.dll

Deoptimization events (20 events):
Event: 103.440 Thread 0x000001c3f86ca470 Uncommon trap: reason=profile_predicate action=maybe_recompile pc=0x000001c3a313f78c method=java.util.concurrent.ConcurrentHashMap.putAll(Ljava/util/Map;)V @ 28 c2
Event: 103.440 Thread 0x000001c3f86ca470 DEOPT PACKING pc=0x000001c3a313f78c sp=0x00000019948fea00
Event: 103.440 Thread 0x000001c3f86ca470 DEOPT UNPACKING pc=0x000001c3a25a3aa2 sp=0x00000019948fe9b0 mode 2
Event: 103.455 Thread 0x000001c3f86cab00 Uncommon trap: trap_request=0xffffffbe fr.pc=0x000001c3a313f78c relative=0x0000000000000dec
Event: 103.455 Thread 0x000001c3f86cab00 Uncommon trap: reason=profile_predicate action=maybe_recompile pc=0x000001c3a313f78c method=java.util.concurrent.ConcurrentHashMap.putAll(Ljava/util/Map;)V @ 28 c2
Event: 103.455 Thread 0x000001c3f86cab00 DEOPT PACKING pc=0x000001c3a313f78c sp=0x00000019949fe150
Event: 103.455 Thread 0x000001c3f86cab00 DEOPT UNPACKING pc=0x000001c3a25a3aa2 sp=0x00000019949fe100 mode 2
Event: 103.530 Thread 0x000001c3f86c6960 DEOPT PACKING pc=0x000001c39c404b45 sp=0x00000019921fdd30
Event: 103.530 Thread 0x000001c3f86c6960 DEOPT UNPACKING pc=0x000001c3a25a4242 sp=0x00000019921fd348 mode 0
Event: 105.326 Thread 0x000001c3f6041360 Uncommon trap: trap_request=0xffffff45 fr.pc=0x000001c3a3097950 relative=0x0000000000003c50
Event: 105.326 Thread 0x000001c3f6041360 Uncommon trap: reason=unstable_if action=reinterpret pc=0x000001c3a3097950 method=org.eclipse.jdt.core.JavaConventions.scannedIdentifier(Ljava/lang/String;Ljava/lang/String;Ljava/lang/String;Ljava/lang/String;Z)[C @ 89 c2
Event: 105.327 Thread 0x000001c3f6041360 DEOPT PACKING pc=0x000001c3a3097950 sp=0x00000019929fe6b0
Event: 105.348 Thread 0x000001c3f86c7680 Uncommon trap: trap_request=0xffffff45 fr.pc=0x000001c3a30dfe78 relative=0x0000000000000058
Event: 105.348 Thread 0x000001c3f86cd260 Uncommon trap: trap_request=0xffffff45 fr.pc=0x000001c3a30dfe78 relative=0x0000000000000058
Event: 105.348 Thread 0x000001c3f86c7680 Uncommon trap: reason=unstable_if action=reinterpret pc=0x000001c3a30dfe78 method=java.lang.Thread.getAndClearInterrupt()Z @ 6 c2
Event: 105.348 Thread 0x000001c3f86cd260 Uncommon trap: reason=unstable_if action=reinterpret pc=0x000001c3a30dfe78 method=java.lang.Thread.getAndClearInterrupt()Z @ 6 c2
Event: 105.348 Thread 0x000001c3f86c7680 DEOPT PACKING pc=0x000001c3a30dfe78 sp=0x0000001994aff370
Event: 105.348 Thread 0x000001c3f86cd260 DEOPT PACKING pc=0x000001c3a30dfe78 sp=0x0000001994bfed30
Event: 105.348 Thread 0x000001c3f86cd260 DEOPT UNPACKING pc=0x000001c3a25a3aa2 sp=0x0000001994bfec68 mode 2
Event: 105.348 Thread 0x000001c3f86c7680 DEOPT UNPACKING pc=0x000001c3a25a3aa2 sp=0x0000001994aff2a8 mode 2

Classes loaded (20 events):
Event: 87.191 Loading class java/util/stream/Nodes$IntFixedNodeBuilder
Event: 87.192 Loading class java/util/stream/Node$Builder$OfInt
Event: 87.193 Loading class java/util/stream/Node$Builder$OfInt done
Event: 87.193 Loading class java/util/stream/Nodes$IntArrayNode
Event: 87.193 Loading class java/util/stream/Nodes$IntArrayNode done
Event: 87.193 Loading class java/util/stream/Nodes$IntFixedNodeBuilder done
Event: 87.193 Loading class java/util/stream/ReferencePipeline$4$1
Event: 87.193 Loading class java/util/stream/ReferencePipeline$4$1 done
Event: 93.716 Loading class java/util/concurrent/CompletableFuture$UniApply
Event: 93.717 Loading class java/util/concurrent/CompletableFuture$UniCompletion
Event: 93.717 Loading class java/util/concurrent/CompletableFuture$UniCompletion done
Event: 93.718 Loading class java/util/concurrent/CompletableFuture$UniApply done
Event: 93.720 Loading class java/util/concurrent/CompletableFuture$UniAccept
Event: 93.720 Loading class java/util/concurrent/CompletableFuture$UniAccept done
Event: 93.720 Loading class java/util/concurrent/CompletableFuture$UniExceptionally
Event: 93.720 Loading class java/util/concurrent/CompletableFuture$UniExceptionally done
Event: 93.761 Loading class java/util/Hashtable$KeySet
Event: 93.762 Loading class java/util/Hashtable$KeySet done
Event: 101.207 Loading class sun/nio/cs/ISO_8859_1$Decoder
Event: 101.210 Loading class sun/nio/cs/ISO_8859_1$Decoder done

Classes unloaded (7 events):
Event: 73.356 Thread 0x000001c3f0bd10a0 Unloading class 0x000001c3b01ad000 'java/lang/invoke/LambdaForm$MH+0x000001c3b01ad000'
Event: 73.357 Thread 0x000001c3f0bd10a0 Unloading class 0x000001c3b01acc00 'java/lang/invoke/LambdaForm$MH+0x000001c3b01acc00'
Event: 73.357 Thread 0x000001c3f0bd10a0 Unloading class 0x000001c3b01ac800 'java/lang/invoke/LambdaForm$MH+0x000001c3b01ac800'
Event: 73.357 Thread 0x000001c3f0bd10a0 Unloading class 0x000001c3b01ac400 'java/lang/invoke/LambdaForm$MH+0x000001c3b01ac400'
Event: 73.357 Thread 0x000001c3f0bd10a0 Unloading class 0x000001c3b01ac000 'java/lang/invoke/LambdaForm$BMH+0x000001c3b01ac000'
Event: 73.357 Thread 0x000001c3f0bd10a0 Unloading class 0x000001c3b01abc00 'java/lang/invoke/LambdaForm$DMH+0x000001c3b01abc00'
Event: 73.357 Thread 0x000001c3f0bd10a0 Unloading class 0x000001c3b01aa800 'java/lang/invoke/LambdaForm$DMH+0x000001c3b01aa800'

Classes redefined (0 events):
No events

Internal exceptions (20 events):
Event: 93.819 Thread 0x000001c3f6042710 Exception <a 'java/io/FileNotFoundException'{0x00000000d5e32da8}> (0x00000000d5e32da8) 
thrown [s\src\hotspot\share\prims\jni.cpp, line 520]
Event: 93.828 Thread 0x000001c3f6042710 Exception <a 'sun/nio/fs/WindowsException'{0x00000000d5e70020}> (0x00000000d5e70020) 
thrown [s\src\hotspot\share\prims\jni.cpp, line 520]
Event: 93.828 Thread 0x000001c3f6042710 Exception <a 'sun/nio/fs/WindowsException'{0x00000000d5e708c0}> (0x00000000d5e708c0) 
thrown [s\src\hotspot\share\prims\jni.cpp, line 520]
Event: 93.829 Thread 0x000001c3f6042710 Exception <a 'sun/nio/fs/WindowsException'{0x00000000d5e719c8}> (0x00000000d5e719c8) 
thrown [s\src\hotspot\share\prims\jni.cpp, line 520]
Event: 93.829 Thread 0x000001c3f6042710 Exception <a 'sun/nio/fs/WindowsException'{0x00000000d5e71ff8}> (0x00000000d5e71ff8) 
thrown [s\src\hotspot\share\prims\jni.cpp, line 520]
Event: 93.830 Thread 0x000001c3f6042710 Exception <a 'sun/nio/fs/WindowsException'{0x00000000d5e73110}> (0x00000000d5e73110) 
thrown [s\src\hotspot\share\prims\jni.cpp, line 520]
Event: 93.831 Thread 0x000001c3f6042710 Exception <a 'sun/nio/fs/WindowsException'{0x00000000d5e739b0}> (0x00000000d5e739b0) 
thrown [s\src\hotspot\share\prims\jni.cpp, line 520]
Event: 94.350 Thread 0x000001c3f6042710 Exception <a 'java/lang/NoSuchMethodError'{0x00000000d5969c78}: 'void java.lang.invoke.DirectMethodHandle$Holder.invokeStatic(java.lang.Object, java.lang.Object, java.lang.Object, int)'> (0x00000000d5969c78) 
thrown [s\src\hotspot\share\interpreter\linkResolver.cpp, line 773]
Event: 94.374 Thread 0x000001c3f6042710 Exception <a 'java/lang/NoSuchMethodError'{0x00000000d5aab2f8}: 'void java.lang.invoke.DirectMethodHandle$Holder.invokeVirtual(java.lang.Object, java.lang.Object, int)'> (0x00000000d5aab2f8) 
thrown [s\src\hotspot\share\interpreter\linkResolver.cpp, line 773]
Event: 94.933 Thread 0x000001c3f7143fb0 Exception <a 'java/lang/IncompatibleClassChangeError'{0x00000000d5fa38e0}: Found class java.lang.Object, but interface was expected> (0x00000000d5fa38e0) 
thrown [s\src\hotspot\share\interpreter\linkResolver.cpp, line 840]
Event: 95.179 Thread 0x000001c3f7146710 Exception <a 'sun/nio/fs/WindowsException'{0x00000000d60f82b0}> (0x00000000d60f82b0) 
thrown [s\src\hotspot\share\prims\jni.cpp, line 520]
Event: 95.179 Thread 0x000001c3f7146710 Exception <a 'sun/nio/fs/WindowsException'{0x00000000d60f8b70}> (0x00000000d60f8b70) 
thrown [s\src\hotspot\share\prims\jni.cpp, line 520]
Event: 95.181 Thread 0x000001c3f7146710 Exception <a 'sun/nio/fs/WindowsException'{0x00000000d60f9c78}> (0x00000000d60f9c78) 
thrown [s\src\hotspot\share\prims\jni.cpp, line 520]
Event: 95.181 Thread 0x000001c3f7146710 Exception <a 'sun/nio/fs/WindowsException'{0x00000000d60fa2a8}> (0x00000000d60fa2a8) 
thrown [s\src\hotspot\share\prims\jni.cpp, line 520]
Event: 97.007 Thread 0x000001c3f6041360 Implicit null exception at 0x000001c3a2dfe6a6 to 0x000001c3a2dfec74
Event: 99.726 Thread 0x000001c3f6041360 Implicit null exception at 0x000001c3a303ae8d to 0x000001c3a3041c1c
Event: 99.729 Thread 0x000001c3f6041360 Implicit null exception at 0x000001c3a3061fcb to 0x000001c3a30629d8
Event: 99.731 Thread 0x000001c3f6041360 Implicit null exception at 0x000001c3a2f95ba8 to 0x000001c3a2f96480
Event: 100.245 Thread 0x000001c3f6042710 Exception <a 'java/lang/NoSuchMethodError'{0x00000000d570f590}: 'void java.lang.invoke.DirectMethodHandle$Holder.invokeInterface(java.lang.Object, java.lang.Object)'> (0x00000000d570f590) 
thrown [s\src\hotspot\share\interpreter\linkResolver.cpp, line 773]
Event: 100.279 Thread 0x000001c3f86cab00 Exception <a 'java/lang/NoSuchMethodError'{0x00000000d5873210}: 'void java.lang.invoke.DirectMethodHandle$Holder.invokeSpecial(java.lang.Object, java.lang.Object, java.lang.Object, java.lang.Object, java.lang.Object, java.lang.Object, java.lang.Object, java.lang.Object)'> (0x00000000d5873210) 
thrown [s\src\hotspot\share\interpreter\linkResolver.cpp, line 773]

ZGC Phase Switch (0 events):
No events

VM Operations (20 events):
Event: 100.332 Executing VM operation: HandshakeAllThreads (Deoptimize) done
Event: 100.460 Executing VM operation: ParallelGCFailedAllocation (Allocation Failure)
Event: 100.464 Executing VM operation: ParallelGCFailedAllocation (Allocation Failure) done
Event: 100.765 Executing VM operation: ParallelGCFailedAllocation (Allocation Failure)
Event: 100.772 Executing VM operation: ParallelGCFailedAllocation (Allocation Failure) done
Event: 101.308 Executing VM operation: ParallelGCFailedAllocation (Allocation Failure)
Event: 101.311 Executing VM operation: ParallelGCFailedAllocation (Allocation Failure) done
Event: 102.254 Executing VM operation: ParallelGCFailedAllocation (Allocation Failure)
Event: 102.258 Executing VM operation: ParallelGCFailedAllocation (Allocation Failure) done
Event: 102.688 Executing VM operation: ParallelGCFailedAllocation (Allocation Failure)
Event: 102.691 Executing VM operation: ParallelGCFailedAllocation (Allocation Failure) done
Event: 102.920 Executing VM operation: ParallelGCFailedAllocation (Allocation Failure)
Event: 102.926 Executing VM operation: ParallelGCFailedAllocation (Allocation Failure) done
Event: 103.101 Executing VM operation: ParallelGCFailedAllocation (Allocation Failure)
Event: 103.104 Executing VM operation: ParallelGCFailedAllocation (Allocation Failure) done
Event: 103.892 Executing VM operation: ParallelGCFailedAllocation (Allocation Failure)
Event: 103.894 Executing VM operation: ParallelGCFailedAllocation (Allocation Failure) done
Event: 104.900 Executing VM operation: Cleanup
Event: 104.977 Executing VM operation: Cleanup done
Event: 105.977 Executing VM operation: Cleanup

Memory protections (0 events):
No events

Nmethod flushes (20 events):
Event: 86.195 Thread 0x000001c3f0bd10a0 flushing  nmethod 0x000001c39ba1b490
Event: 86.195 Thread 0x000001c3f0bd10a0 flushing  nmethod 0x000001c39ba22790
Event: 86.195 Thread 0x000001c3f0bd10a0 flushing  nmethod 0x000001c39ba25d90
Event: 86.195 Thread 0x000001c3f0bd10a0 flushing  nmethod 0x000001c39ba26110
Event: 86.195 Thread 0x000001c3f0bd10a0 flushing  nmethod 0x000001c39ba54190
Event: 86.195 Thread 0x000001c3f0bd10a0 flushing  nmethod 0x000001c39ba54790
Event: 86.195 Thread 0x000001c3f0bd10a0 flushing  nmethod 0x000001c39ba5af10
Event: 86.195 Thread 0x000001c3f0bd10a0 flushing  nmethod 0x000001c39ba5be10
Event: 86.195 Thread 0x000001c3f0bd10a0 flushing  nmethod 0x000001c39ba5d410
Event: 86.195 Thread 0x000001c3f0bd10a0 flushing  nmethod 0x000001c39ba5e410
Event: 86.195 Thread 0x000001c3f0bd10a0 flushing  nmethod 0x000001c39ba61410
Event: 86.195 Thread 0x000001c3f0bd10a0 flushing  nmethod 0x000001c39ba61a10
Event: 86.195 Thread 0x000001c3f0bd10a0 flushing  nmethod 0x000001c39ba63790
Event: 86.195 Thread 0x000001c3f0bd10a0 flushing  nmethod 0x000001c39ba63b90
Event: 86.195 Thread 0x000001c3f0bd10a0 flushing  nmethod 0x000001c39ba64010
Event: 86.195 Thread 0x000001c3f0bd10a0 flushing  nmethod 0x000001c39ba6a510
Event: 86.195 Thread 0x000001c3f0bd10a0 flushing  nmethod 0x000001c39ba8b790
Event: 86.195 Thread 0x000001c3f0bd10a0 flushing  nmethod 0x000001c39bab3190
Event: 86.195 Thread 0x000001c3f0bd10a0 flushing  nmethod 0x000001c39bab3990
Event: 86.195 Thread 0x000001c3f0bd10a0 flushing  nmethod 0x000001c39bab4510

Events (20 events):
Event: 77.110 Thread 0x000001c3f7147430 Thread added: 0x000001c3f7147ac0
Event: 77.110 Thread 0x000001c3f7146da0 Thread added: 0x000001c3f7149500
Event: 77.111 Thread 0x000001c3f7147ac0 Thread added: 0x000001c3f71487e0
Event: 77.113 Thread 0x000001c3f7149500 Thread added: 0x000001c3f7148e70
Event: 77.114 Thread 0x000001c3f71487e0 Thread added: 0x000001c3f86c90c0
Event: 78.775 Thread 0x000001c3f60447e0 Thread added: 0x000001c3f86c5c40
Event: 78.776 Thread 0x000001c3f86c5c40 Thread exited: 0x000001c3f86c5c40
Event: 78.991 Thread 0x000001c3f60447e0 Thread added: 0x000001c3f86c8a30
Event: 82.069 Thread 0x000001c3f77a38f0 Thread exited: 0x000001c3f77a38f0
Event: 89.011 Thread 0x000001c3f86c8a30 Thread exited: 0x000001c3f86c8a30
Event: 100.264 Thread 0x000001c3f6042710 Thread added: 0x000001c3f86c6960
Event: 100.265 Thread 0x000001c3f6042710 Thread added: 0x000001c3f86ca470
Event: 100.265 Thread 0x000001c3f6042710 Thread added: 0x000001c3f86cab00
Event: 100.266 Thread 0x000001c3f6042710 Thread added: 0x000001c3f86c7680
Event: 100.266 Thread 0x000001c3f6042710 Thread added: 0x000001c3f86cd260
Event: 100.719 Thread 0x000001c3f0bd77c0 Thread added: 0x000001c3f8171b40
Event: 101.541 Thread 0x000001c3f8171b40 Thread exited: 0x000001c3f8171b40
Event: 102.016 Thread 0x000001c3f0bd77c0 Thread added: 0x000001c3f8171b40
Event: 103.444 Thread 0x000001c3f8171b40 Thread exited: 0x000001c3f8171b40
Event: 103.553 Thread 0x000001c3f0bd77c0 Thread added: 0x000001c3f81706d0


Dynamic libraries:
0x00007ff677110000 - 0x00007ff67711e000 	c:\Users\Anshika Jain\.vscode\extensions\redhat.java-1.52.0-win32-x64\jre\21.0.9-win32-x86_64\bin\java.exe
0x00007ffd59c20000 - 0x00007ffd59e87000 	C:\WINDOWS\SYSTEM32\ntdll.dll
0x00007ffd57f00000 - 0x00007ffd57fc9000 	C:\WINDOWS\System32\KERNEL32.DLL
0x00007ffd57430000 - 0x00007ffd57821000 	C:\WINDOWS\System32\KERNELBASE.dll
0x00007ffd570c0000 - 0x00007ffd5720b000 	C:\WINDOWS\System32\ucrtbase.dll
0x00007ffce8690000 - 0x00007ffce86a8000 	c:\Users\Anshika Jain\.vscode\extensions\redhat.java-1.52.0-win32-x64\jre\21.0.9-win32-x86_64\bin\jli.dll
0x00007ffd2cae0000 - 0x00007ffd2cafe000 	c:\Users\Anshika Jain\.vscode\extensions\redhat.java-1.52.0-win32-x64\jre\21.0.9-win32-x86_64\bin\VCRUNTIME140.dll
0x00007ffd58f10000 - 0x00007ffd590d5000 	C:\WINDOWS\System32\USER32.dll
0x00007ffd56770000 - 0x00007ffd56797000 	C:\WINDOWS\System32\win32u.dll
0x00007ffd396e0000 - 0x00007ffd39973000 	C:\WINDOWS\WinSxS\amd64_microsoft.windows.common-controls_6595b64144ccf1df_6.0.26100.7724_none_3e0870d6e3345411\COMCTL32.dll
0x00007ffd57db0000 - 0x00007ffd57ddb000 	C:\WINDOWS\System32\GDI32.dll
0x00007ffd59110000 - 0x00007ffd591b9000 	C:\WINDOWS\System32\msvcrt.dll
0x00007ffd56580000 - 0x00007ffd566aa000 	C:\WINDOWS\System32\gdi32full.dll
0x00007ffd57010000 - 0x00007ffd570b3000 	C:\WINDOWS\System32\msvcp_win.dll
0x00007ffd57d10000 - 0x00007ffd57d41000 	C:\WINDOWS\System32\IMM32.DLL
0x00007ffd2f630000 - 0x00007ffd2f63c000 	c:\Users\Anshika Jain\.vscode\extensions\redhat.java-1.52.0-win32-x64\jre\21.0.9-win32-x86_64\bin\vcruntime140_1.dll
0x00007ffce8060000 - 0x00007ffce80ed000 	c:\Users\Anshika Jain\.vscode\extensions\redhat.java-1.52.0-win32-x64\jre\21.0.9-win32-x86_64\bin\msvcp140.dll
0x00007ffce6f90000 - 0x00007ffce7d30000 	c:\Users\Anshika Jain\.vscode\extensions\redhat.java-1.52.0-win32-x64\jre\21.0.9-win32-x86_64\bin\server\jvm.dll
0x00007ffd58e50000 - 0x00007ffd58f04000 	C:\WINDOWS\System32\ADVAPI32.dll
0x00007ffd59340000 - 0x00007ffd593e6000 	C:\WINDOWS\System32\sechost.dll
0x00007ffd58990000 - 0x00007ffd58aa8000 	C:\WINDOWS\System32\RPCRT4.dll
0x00007ffd592c0000 - 0x00007ffd59334000 	C:\WINDOWS\System32\WS2_32.dll
0x00007ffd56370000 - 0x00007ffd563ce000 	C:\WINDOWS\SYSTEM32\POWRPROF.dll
0x00007ffd4fc40000 - 0x00007ffd4fc4b000 	C:\WINDOWS\SYSTEM32\VERSION.dll
0x00007ffd4f4b0000 - 0x00007ffd4f4e5000 	C:\WINDOWS\SYSTEM32\WINMM.dll
0x00007ffd56350000 - 0x00007ffd56364000 	C:\WINDOWS\SYSTEM32\UMPDC.dll
0x00007ffd55260000 - 0x00007ffd5527b000 	C:\WINDOWS\SYSTEM32\kernel.appcore.dll
0x00007ffd2f3a0000 - 0x00007ffd2f3aa000 	c:\Users\Anshika Jain\.vscode\extensions\redhat.java-1.52.0-win32-x64\jre\21.0.9-win32-x86_64\bin\jimage.dll
0x00007ffd49370000 - 0x00007ffd495b2000 	C:\WINDOWS\SYSTEM32\DBGHELP.DLL
0x00007ffd58600000 - 0x00007ffd58983000 	C:\WINDOWS\System32\combase.dll
0x00007ffd57de0000 - 0x00007ffd57eb7000 	C:\WINDOWS\System32\OLEAUT32.dll
0x00007ffd400b0000 - 0x00007ffd400eb000 	C:\WINDOWS\SYSTEM32\dbgcore.DLL
0x00007ffd57380000 - 0x00007ffd57425000 	C:\WINDOWS\System32\bcryptPrimitives.dll
0x00007ffd4fbf0000 - 0x00007ffd4fbff000 	c:\Users\Anshika Jain\.vscode\extensions\redhat.java-1.52.0-win32-x64\jre\21.0.9-win32-x86_64\bin\instrument.dll
0x00007ffd4fbd0000 - 0x00007ffd4fbf0000 	c:\Users\Anshika Jain\.vscode\extensions\redhat.java-1.52.0-win32-x64\jre\21.0.9-win32-x86_64\bin\java.dll
0x00007ffd593f0000 - 0x00007ffd59b51000 	C:\WINDOWS\System32\SHELL32.dll
0x00007ffd57210000 - 0x00007ffd5737a000 	C:\WINDOWS\System32\wintypes.dll
0x00007ffd567a0000 - 0x00007ffd57006000 	C:\WINDOWS\System32\windows.storage.dll
0x00007ffd58d50000 - 0x00007ffd58e48000 	C:\WINDOWS\System32\SHCORE.dll
0x00007ffd58b70000 - 0x00007ffd58bd7000 	C:\WINDOWS\System32\shlwapi.dll
0x00007ffd56410000 - 0x00007ffd56438000 	C:\WINDOWS\SYSTEM32\profapi.dll
0x00007ffd4f360000 - 0x00007ffd4f378000 	c:\Users\Anshika Jain\.vscode\extensions\redhat.java-1.52.0-win32-x64\jre\21.0.9-win32-x86_64\bin\zip.dll
0x00007ffd2f1c0000 - 0x00007ffd2f1d0000 	C:\Users\Anshika Jain\.vscode\extensions\redhat.java-1.52.0-win32-x64\jre\21.0.9-win32-x86_64\bin\net.dll
0x00007ffd4ce60000 - 0x00007ffd4cf87000 	C:\WINDOWS\SYSTEM32\WINHTTP.dll
0x00007ffd55800000 - 0x00007ffd5586b000 	C:\WINDOWS\system32\mswsock.dll
0x00007ffce89e0000 - 0x00007ffce89f6000 	C:\Users\Anshika Jain\.vscode\extensions\redhat.java-1.52.0-win32-x64\jre\21.0.9-win32-x86_64\bin\nio.dll
0x00007ffd2e2c0000 - 0x00007ffd2e2d0000 	c:\Users\Anshika Jain\.vscode\extensions\redhat.java-1.52.0-win32-x64\jre\21.0.9-win32-x86_64\bin\verify.dll
0x00007ffd4c8b0000 - 0x00007ffd4c8f5000 	C:\Users\Anshika Jain\AppData\Roaming\Code\User\globalStorage\redhat.java\1.52.0\config_win\org.eclipse.equinox.launcher\org.eclipse.equinox.launcher.win32.win32.x86_64_1.2.1500.v20260121-1430\eclipse_11919.dll
0x00007ffd58460000 - 0x00007ffd585f6000 	C:\WINDOWS\System32\ole32.dll
0x00007ffd55ae0000 - 0x00007ffd55afb000 	C:\WINDOWS\SYSTEM32\CRYPTSP.dll
0x00007ffd551c0000 - 0x00007ffd551f9000 	C:\WINDOWS\system32\rsaenh.dll
0x00007ffd558b0000 - 0x00007ffd558e2000 	C:\WINDOWS\SYSTEM32\USERENV.dll
0x00007ffd563e0000 - 0x00007ffd5640a000 	C:\WINDOWS\SYSTEM32\bcrypt.dll
0x00007ffd55ad0000 - 0x00007ffd55adc000 	C:\WINDOWS\SYSTEM32\CRYPTBASE.dll
0x00007ffd54c40000 - 0x00007ffd54c74000 	C:\WINDOWS\SYSTEM32\IPHLPAPI.DLL
0x00007ffd57be0000 - 0x00007ffd57bea000 	C:\WINDOWS\System32\NSI.dll
0x00007ffcedf50000 - 0x00007ffcedf99000 	C:\Users\Anshika Jain\AppData\Local\Temp\jna-1177354783\jna14733239931070228917.dll
0x00007ffd57ed0000 - 0x00007ffd57ed8000 	C:\WINDOWS\System32\PSAPI.DLL
0x00007ffd4d120000 - 0x00007ffd4d13e000 	C:\WINDOWS\SYSTEM32\dhcpcsvc6.DLL
0x00007ffd4c5d0000 - 0x00007ffd4c5f3000 	C:\WINDOWS\SYSTEM32\dhcpcsvc.DLL
0x00007ffd12e60000 - 0x00007ffd12e6e000 	C:\Users\Anshika Jain\.vscode\extensions\redhat.java-1.52.0-win32-x64\jre\21.0.9-win32-x86_64\bin\sunmscapi.dll
0x00007ffd57830000 - 0x00007ffd579a7000 	C:\WINDOWS\System32\CRYPT32.dll
0x00007ffd55cf0000 - 0x00007ffd55d20000 	C:\WINDOWS\SYSTEM32\ncrypt.dll
0x00007ffd55ca0000 - 0x00007ffd55cdf000 	C:\WINDOWS\SYSTEM32\NTASN1.dll
0x00007ffd54cd0000 - 0x00007ffd54dfb000 	C:\WINDOWS\SYSTEM32\DNSAPI.dll
0x00007ffd4d110000 - 0x00007ffd4d11b000 	C:\Windows\System32\rasadhlp.dll
0x00007ffd4bac0000 - 0x00007ffd4bb46000 	C:\WINDOWS\System32\fwpuclnt.dll
0x00007ffcf1fb0000 - 0x00007ffcf1fb9000 	C:\Users\Anshika Jain\.vscode\extensions\redhat.java-1.52.0-win32-x64\jre\21.0.9-win32-x86_64\bin\extnet.dll

JVMTI agents:
c:\Users\Anshika Jain\.vscode\extensions\redhat.java-1.52.0-win32-x64\lombok\lombok-1.18.39-4050.jar path:c:\Users\Anshika Jain\.vscode\extensions\redhat.java-1.52.0-win32-x64\jre\21.0.9-win32-x86_64\bin\instrument.dll, loaded, initialized, instrumentlib options:none

dbghelp: loaded successfully - version: 4.0.5 - missing functions: none
symbol engine: initialized successfully - sym options: 0x614 - pdb path: .;c:\Users\Anshika Jain\.vscode\extensions\redhat.java-1.52.0-win32-x64\jre\21.0.9-win32-x86_64\bin;C:\WINDOWS\SYSTEM32;C:\WINDOWS\WinSxS\amd64_microsoft.windows.common-controls_6595b64144ccf1df_6.0.26100.7724_none_3e0870d6e3345411;c:\Users\Anshika Jain\.vscode\extensions\redhat.java-1.52.0-win32-x64\jre\21.0.9-win32-x86_64\bin\server;C:\Users\Anshika Jain\AppData\Roaming\Code\User\globalStorage\redhat.java\1.52.0\config_win\org.eclipse.equinox.launcher\org.eclipse.equinox.launcher.win32.win32.x86_64_1.2.1500.v20260121-1430;C:\Users\Anshika Jain\AppData\Local\Temp\jna-1177354783

VM Arguments:
jvm_args: --add-modules=ALL-SYSTEM --add-opens=java.base/java.util=ALL-UNNAMED --add-opens=java.base/java.lang=ALL-UNNAMED --add-opens=java.base/sun.nio.fs=ALL-UNNAMED -Declipse.application=org.eclipse.jdt.ls.core.id1 -Dosgi.bundles.defaultStartLevel=4 -Declipse.product=org.eclipse.jdt.ls.core.product -Djava.import.generatesMetadataFilesAtProjectRoot=false -DDetectVMInstallationsJob.disabled=true -Dfile.encoding=utf8 -XX:+UseParallelGC -XX:GCTimeRatio=4 -XX:AdaptiveSizePolicyWeight=90 -Dsun.zip.disableMemoryMapping=true -Xmx2G -Xms100m -Xlog:disable -javaagent:c:\Users\Anshika Jain\.vscode\extensions\redhat.java-1.52.0-win32-x64\lombok\lombok-1.18.39-4050.jar -XX:+HeapDumpOnOutOfMemoryError -XX:HeapDumpPath=c:\Users\Anshika Jain\AppData\Roaming\Code\User\workspaceStorage\75d71e4b29dafd96ba6f02b4c6105d11\redhat.java -Daether.dependencyCollector.impl=bf 
java_command: c:\Users\Anshika Jain\.vscode\extensions\redhat.java-1.52.0-win32-x64\server\plugins\org.eclipse.equinox.launcher_1.7.100.v20251111-0406.jar -configuration c:\Users\Anshika Jain\AppData\Roaming\Code\User\globalStorage\redhat.java\1.52.0\config_win -data c:\Users\Anshika Jain\AppData\Roaming\Code\User\workspaceStorage\75d71e4b29dafd96ba6f02b4c6105d11\redhat.java\jdt_ws --pipe=\\.\pipe\lsp-7c7600d4900d95ca687b26cbfd62338a-sock
java_class_path (initial): c:\Users\Anshika Jain\.vscode\extensions\redhat.java-1.52.0-win32-x64\server\plugins\org.eclipse.equinox.launcher_1.7.100.v20251111-0406.jar
Launcher Type: SUN_STANDARD

[Global flags]
    uintx AdaptiveSizePolicyWeight                 = 90                                        {product} {command line}
     intx CICompilerCount                          = 4                                         {product} {ergonomic}
    uintx GCTimeRatio                              = 4                                         {product} {command line}
     bool HeapDumpOnOutOfMemoryError               = true                                   {manageable} {command line}
    ccstr HeapDumpPath                             = c:\Users\Anshika Jain\AppData\Roaming\Code\User\workspaceStorage\75d71e4b29dafd96ba6f02b4c6105d11\redhat.java         {manageable} {command line}
   size_t InitialHeapSize                          = 104857600                                 {product} {command line}
   size_t MaxHeapSize                              = 2147483648                                {product} {command line}
   size_t MaxNewSize                               = 715653120                                 {product} {ergonomic}
   size_t MinHeapDeltaBytes                        = 524288                                    {product} {ergonomic}
   size_t MinHeapSize                              = 104857600                                 {product} {command line}
   size_t NewSize                                  = 34603008                                  {product} {ergonomic}
    uintx NonNMethodCodeHeapSize                   = 5839372                                {pd product} {ergonomic}
    uintx NonProfiledCodeHeapSize                  = 122909434                              {pd product} {ergonomic}
   size_t OldSize                                  = 70254592                                  {product} {ergonomic}
    uintx ProfiledCodeHeapSize                     = 122909434                              {pd product} {ergonomic}
    uintx ReservedCodeCacheSize                    = 251658240                              {pd product} {ergonomic}
     bool SegmentedCodeCache                       = true                                      {product} {ergonomic}
   size_t SoftMaxHeapSize                          = 2147483648                             {manageable} {ergonomic}
     bool UseCompressedOops                        = true                           {product lp64_product} {ergonomic}
     bool UseLargePagesIndividualAllocation        = false                                  {pd product} {ergonomic}
     bool UseParallelGC                            = true                                      {product} {command line}

Logging:
Log output configuration:
 #0: stdout all=off uptime,level,tags foldmultilines=false
 #1: stderr all=off uptime,level,tags foldmultilines=false

Release file:
JAVA_VERSION="21.0.9" 
MODULES="java.base java.compiler java.datatransfer java.xml java.prefs java.desktop java.instrument java.logging java.management java.security.sasl java.naming java.rmi java.management.rmi java.net.http java.scripting java.security.jgss java.transaction.xa java.sql java.sql.rowset java.xml.crypto java.se java.smartcardio jdk.accessibility jdk.internal.jvmstat jdk.attach jdk.charsets jdk.internal.opt jdk.zipfs jdk.compiler jdk.crypto.ec jdk.crypto.cryptoki jdk.crypto.mscapi jdk.dynalink jdk.internal.ed jdk.editpad jdk.hotspot.agent jdk.httpserver jdk.internal.le jdk.internal.vm.ci jdk.internal.vm.compiler jdk.internal.vm.compiler.management jdk.jartool jdk.javadoc jdk.jcmd jdk.management jdk.management.agent jdk.jconsole jdk.jdeps jdk.jdwp.agent jdk.jdi jdk.jfr jdk.jshell jdk.jsobject jdk.jstatd jdk.localedata jdk.management.jfr jdk.naming.dns jdk.naming.rmi jdk.net jdk.nio.mapmode jdk.random jdk.sctp jdk.security.auth jdk.security.jgss jdk.unsupported jdk.unsupported.desktop jdk.xml.dom" 

Environment Variables:
PATH=C:\Program Files\Common Files\Oracle\Java\javapath;C:\Program Files\NVIDIA GPU Computing Toolkit\CUDA\v12.4\bin;C:\Program Files\NVIDIA GPU Computing Toolkit\CUDA\v12.4\libnvvp;C:\windows\system32;C:\windows;C:\windows\System32\Wbem;C:\windows\System32\WindowsPowerShell\v1.0\;C:\windows\System32\OpenSSH\;C:\Program Files (x86)\NVIDIA Corporation\PhysX\Common;C:\Program Files\NVIDIA Corporation\NVIDIA NvDLISR;C:\MinGW\bin;C:\WINDOWS\system32;C:\WINDOWS;C:\WINDOWS\System32\Wbem;C:\WINDOWS\System32\WindowsPowerShell\v1.0\;C:\WINDOWS\System32\OpenSSH\;C:\Program Files\HP\HP One Agent;C:\Program Files\Docker\Docker\resources\bin;C:\Program Files\NVIDIA Corporation\Nsight Compute 2024.1.1\;C:\Program Files\dotnet\;C:\Program Files\nodejs\;C:\Program Files\Git\cmd;C:\ProgramData\chocolatey\bin;C:\ProgramData\chocolatey\lib\maven\apache-maven-3.9.12\bin;C:\Program Files\PostgreSQL\18\bin;C:\Program Files\Common Files\Oracle\Java\javapath;C:\Program Files\NVIDIA GPU Computing Toolkit\CUDA\v12.4\bin;C:\Program Files\NVIDIA GPU Computing Toolkit\CUDA\v12.4\libnvvp;C:\windows\system32;C:\windows;C:\windows\System32\Wbem;C:\windows\System32\WindowsPowerShell\v1.0\;C:\windows\System32\OpenSSH\;C:\Program Files (x86)\NVIDIA Corporation\PhysX\Common;C:\Program Files\NVIDIA Corporation\NVIDIA NvDLISR;C:\MinGW\bin;C:\WINDOWS\system32;C:\WINDOWS;C:\WINDOWS\System32\Wbem;C:\WINDOWS\System32\WindowsPowerShell\v1.0\;C:\WINDOWS\System32\OpenSSH\;C:\Program Files\HP\HP One Agent;C:\Program Files\Docker\Docker\resources\bin;C:\Program Files\NVIDIA Corporation\Nsight Compute 2024.1.1\;C:\Program Files\dotnet\;C:\Program Files\nodejs\;C:\Program Files\Git\cmd;C:\ProgramData\chocolatey\bin;C:\ProgramData\chocolatey\lib\maven\apache-maven-3.9.12\bin;C:\Users\Anshika Jain\AppData\Local\Programs\Python\Python310\Scripts\;C:\Users\Anshika Jain\AppData\Local\Programs\Python\Python310\;C:\Users\Anshika Jain\AppData\Lo
USERNAME=Anshika Jain
OS=Windows_NT
PROCESSOR_IDENTIFIER=AMD64 Family 25 Model 80 Stepping 0, AuthenticAMD
TMP=C:\Users\ANSHIK~1\AppData\Local\Temp
TEMP=C:\PROGRA~1\nodejs




Periodic native trim disabled

---------------  S Y S T E M  ---------------

OS:
 Windows 11 , 64 bit Build 26100 (10.0.26100.7724)
OS uptime: 8 days 12:54 hours
Hyper-V role detected

CPU: total 12 (initial active 12) (12 cores per cpu, 2 threads per core) family 25 model 80 stepping 0 microcode 0xa500014, cx8, cmov, fxsr, ht, mmx, 3dnowpref, sse, sse2, sse3, ssse3, sse4a, sse4.1, sse4.2, popcnt, lzcnt, tsc, tscinvbit, avx, avx2, aes, erms, clmul, bmi1, bmi2, adx, sha, fma, vzeroupper, clflush, clflushopt, hv, rdtscp, rdpid, fsrm, f16c, cet_ss
Processor Information for the first 12 processors :
  Max Mhz: 3301, Current Mhz: 2011, Mhz Limit: 3301

Memory: 4k page, system-wide physical 7521M (1102M free)
TotalPageFile size 31073M (AvailPageFile size 5M)
current process WorkingSet (physical memory assigned to process): 203M, peak: 246M
current process commit charge ("private bytes"): 371M, peak: 373M

vm_info: OpenJDK 64-Bit Server VM (21.0.9+10-LTS) for windows-amd64 JRE (21.0.9+10-LTS), built on 2025-10-21T00:00:00Z by "admin" with unknown MS VC++:1942

END.
